v2026 v2026.10 v2026.10-rc4
v2026 v2026.10 v2026.10-rc3
v2026 v2026.10 v2026.10-rc2
v2026 v2026.10 v2026.10-rc1
v2026 v2026.07 v2026.07
v2026 v2026.07 v2026.07-rc5
v2026 v2026.07 v2026.07-rc4
v2026 v2026.07 v2026.07-rc3
v2026 v2026.07 v2026.07-rc2
v2026 v2026.07 v2026.07-rc1
v2026 v2026.04 v2026.04
v2026 v2026.04 v2026.04-rc5
v2026 v2026.04 v2026.04-rc4
v2026 v2026.04 v2026.04-rc3
v2026 v2026.04 v2026.04-rc2
v2026 v2026.04 v2026.04-rc1
v2026 v2026.01 v2026.01
v2026 v2026.01 v2026.01-rc5
v2026 v2026.01 v2026.01-rc4
v2026 v2026.01 v2026.01-rc3
v2026 v2026.01 v2026.01-rc2
v2026 v2026.01 v2026.01-rc1
v2025 v2025.10 v2025.10
v2025 v2025.10 v2025.10-rc5
v2025 v2025.10 v2025.10-rc4
v2025 v2025.10 v2025.10-rc3
v2025 v2025.10 v2025.10-rc2
v2025 v2025.10 v2025.10-rc1
v2025 v2025.07 v2025.07
v2025 v2025.07 v2025.07-rc5
v2025 v2025.07 v2025.07-rc4
v2025 v2025.07 v2025.07-rc3
v2025 v2025.07 v2025.07-rc2
v2025 v2025.07 v2025.07-rc1
v2025 v2025.04 v2025.04
v2025 v2025.04 v2025.04-rc5
v2025 v2025.04 v2025.04-rc4
v2025 v2025.04 v2025.04-rc3
v2025 v2025.04 v2025.04-rc2
v2025 v2025.04 v2025.04-rc1
v2025 v2025.01 v2025.01
v2025 v2025.01 v2025.01-rc6
v2025 v2025.01 v2025.01-rc5
v2025 v2025.01 v2025.01-rc4
v2025 v2025.01 v2025.01-rc3
v2025 v2025.01 v2025.01-rc2
v2025 v2025.01 v2025.01-rc1
v2024 v2024.10 v2024.10
v2024 v2024.10 v2024.10-rc6
v2024 v2024.10 v2024.10-rc5
v2024 v2024.10 v2024.10-rc4
v2024 v2024.10 v2024.10-rc3
v2024 v2024.10 v2024.10-rc2
v2024 v2024.10 v2024.10-rc1
v2024 v2024.07 v2024.07
v2024 v2024.07 v2024.07-rc5
v2024 v2024.07 v2024.07-rc4
v2024 v2024.07 v2024.07-rc3
v2024 v2024.07 v2024.07-rc2
v2024 v2024.07 v2024.07-rc1
v2024 v2024.04 v2024.04
v2024 v2024.04 v2024.04-rc5
v2024 v2024.04 v2024.04-rc4
v2024 v2024.04 v2024.04-rc3
v2024 v2024.04 v2024.04-rc2
v2024 v2024.04 v2024.04-rc1
v2024 v2024.01 v2024.01
v2024 v2024.01 v2024.01-rc6
v2024 v2024.01 v2024.01-rc5
v2024 v2024.01 v2024.01-rc4
v2024 v2024.01 v2024.01-rc3
v2024 v2024.01 v2024.01-rc2
v2024 v2024.01 v2024.01-rc1
v2023 v2023.10 v2023.10
v2023 v2023.10 v2023.10-rc4
v2023 v2023.10 v2023.10-rc3
v2023 v2023.10 v2023.10-rc2
v2023 v2023.10 v2023.10-rc1
v2023 v2023.07 v2023.07.02
v2023 v2023.07 v2023.07.01
v2023 v2023.07 v2023.07.01-dont-use
v2023 v2023.07 v2023.07
v2023 v2023.07 v2023.07-rc6
v2023 v2023.07 v2023.07-rc5
v2023 v2023.07 v2023.07-rc4
v2023 v2023.07 v2023.07-rc3
v2023 v2023.07 v2023.07-rc2
v2023 v2023.07 v2023.07-rc1
v2023 v2023.04 v2023.04
v2023 v2023.04 v2023.04-rc5
v2023 v2023.04 v2023.04-rc4
v2023 v2023.04 v2023.04-rc3
v2023 v2023.04 v2023.04-rc2
v2023 v2023.04 v2023.04-rc1
v2023 v2023.01 v2023.01
v2023 v2023.01 v2023.01-rc4
v2023 v2023.01 v2023.01-rc3
v2023 v2023.01 v2023.01-rc2
v2023 v2023.01 v2023.01-rc1
v2022 v2022.10 v2022.10
v2022 v2022.10 v2022.10-rc5
v2022 v2022.10 v2022.10-rc4
v2022 v2022.10 v2022.10-rc3
v2022 v2022.10 v2022.10-rc2
v2022 v2022.10 v2022.10-rc1
v2022 v2022.07 v2022.07
v2022 v2022.07 v2022.07-rc6
v2022 v2022.07 v2022.07-rc5
v2022 v2022.07 v2022.07-rc4
v2022 v2022.07 v2022.07-rc3
v2022 v2022.07 v2022.07-rc2
v2022 v2022.07 v2022.07-rc1
v2022 v2022.04 v2022.04
v2022 v2022.04 v2022.04-rc5
v2022 v2022.04 v2022.04-rc4
v2022 v2022.04 v2022.04-rc3
v2022 v2022.04 v2022.04-rc2
v2022 v2022.04 v2022.04-rc1
v2022 v2022.01 v2022.01
v2022 v2022.01 v2022.01-rc4
v2022 v2022.01 v2022.01-rc3
v2022 v2022.01 v2022.01-rc2
v2022 v2022.01 v2022.01-rc1
v2021 v2021.10 v2021.10
v2021 v2021.10 v2021.10-rc5
v2021 v2021.10 v2021.10-rc4
v2021 v2021.10 v2021.10-rc3
v2021 v2021.10 v2021.10-rc2
v2021 v2021.10 v2021.10-rc1
v2021 v2021.07 v2021.07
v2021 v2021.07 v2021.07-rc5
v2021 v2021.07 v2021.07-rc4
v2021 v2021.07 v2021.07-rc3
v2021 v2021.07 v2021.07-rc2
v2021 v2021.07 v2021.07-rc1
v2021 v2021.04 v2021.04
v2021 v2021.04 v2021.04-rc5
v2021 v2021.04 v2021.04-rc4
v2021 v2021.04 v2021.04-rc3
v2021 v2021.04 v2021.04-rc2
v2021 v2021.04 v2021.04-rc1
v2021 v2021.01 v2021.01
v2021 v2021.01 v2021.01-rc5
v2021 v2021.01 v2021.01-rc4
v2021 v2021.01 v2021.01-rc3
v2021 v2021.01 v2021.01-rc2
v2021 v2021.01 v2021.01-rc1
v2020 v2020.10 v2020.10
v2020 v2020.10 v2020.10-rc5
v2020 v2020.10 v2020.10-rc4
v2020 v2020.10 v2020.10-rc3
v2020 v2020.10 v2020.10-rc2
v2020 v2020.10 v2020.10-rc1
v2020 v2020.07 v2020.07
v2020 v2020.07 v2020.07-rc5
v2020 v2020.07 v2020.07-rc4
v2020 v2020.07 v2020.07-rc3
v2020 v2020.07 v2020.07-rc2
v2020 v2020.07 v2020.07-rc1
v2020 v2020.04 v2020.04
v2020 v2020.04 v2020.04-rc5
v2020 v2020.04 v2020.04-rc4
v2020 v2020.04 v2020.04-rc3
v2020 v2020.04 v2020.04-rc2
v2020 v2020.04 v2020.04-rc1
v2020 v2020.01 v2020.01
v2020 v2020.01 v2020.01-rc5
v2020 v2020.01 v2020.01-rc4
v2020 v2020.01 v2020.01-rc3
v2020 v2020.01 v2020.01-rc2
v2020 v2020.01 v2020.01-rc1
v2019 v2019.10 v2019.10
v2019 v2019.10 v2019.10-rc4
v2019 v2019.10 v2019.10-rc3
v2019 v2019.10 v2019.10-rc2
v2019 v2019.10 v2019.10-rc1
v2019 v2019.07 v2019.07
v2019 v2019.07 v2019.07-rc4
v2019 v2019.07 v2019.07-rc3
v2019 v2019.07 v2019.07-rc2
v2019 v2019.07 v2019.07-rc1
v2019 v2019.04 v2019.04
v2019 v2019.04 v2019.04-rc4
v2019 v2019.04 v2019.04-rc3
v2019 v2019.04 v2019.04-rc2
v2019 v2019.04 v2019.04-rc1
v2019 v2019.01 v2019.01
v2019 v2019.01 v2019.01-rc3
v2019 v2019.01 v2019.01-rc2
v2019 v2019.01 v2019.01-rc1
v2018 v2018.11 v2018.11
v2018 v2018.11 v2018.11-rc3
v2018 v2018.11 v2018.11-rc2
v2018 v2018.11 v2018.11-rc1
v2018 v2018.09 v2018.09
v2018 v2018.09 v2018.09-rc3
v2018 v2018.09 v2018.09-rc2
v2018 v2018.09 v2018.09-rc1
v2018 v2018.07 v2018.07
v2018 v2018.07 v2018.07-rc3
v2018 v2018.07 v2018.07-rc2
v2018 v2018.07 v2018.07-rc1
v2018 v2018.05 v2018.05
v2018 v2018.05 v2018.05-rc3
v2018 v2018.05 v2018.05-rc2
v2018 v2018.05 v2018.05-rc1
v2018 v2018.03 v2018.03
v2018 v2018.03 v2018.03-rc4
v2018 v2018.03 v2018.03-rc3
v2018 v2018.03 v2018.03-rc2
v2018 v2018.03 v2018.03-rc1
v2018 v2018.01 v2018.01
v2018 v2018.01 v2018.01-rc3
v2018 v2018.01 v2018.01-rc2
v2018 v2018.01 v2018.01-rc1
v2017 v2017.11 v2017.11
v2017 v2017.11 v2017.11-rc4
v2017 v2017.11 v2017.11-rc3
v2017 v2017.11 v2017.11-rc2
v2017 v2017.11 v2017.11-rc1
v2017 v2017.09 v2017.09
v2017 v2017.09 v2017.09-rc4
v2017 v2017.09 v2017.09-rc3
v2017 v2017.09 v2017.09-rc2
v2017 v2017.09 v2017.09-rc1
v2017 v2017.07 v2017.07
v2017 v2017.07 v2017.07-rc3
v2017 v2017.07 v2017.07-rc2
v2017 v2017.07 v2017.07-rc1
v2017 v2017.05 v2017.05
v2017 v2017.05 v2017.05-rc3
v2017 v2017.05 v2017.05-rc2
v2017 v2017.05 v2017.05-rc1
v2017 v2017.03 v2017.03
v2017 v2017.03 v2017.03-rc3
v2017 v2017.03 v2017.03-rc2
v2017 v2017.03 v2017.03-rc1
v2017 v2017.01 v2017.01
v2017 v2017.01 v2017.01-rc3
v2017 v2017.01 v2017.01-rc2
v2017 v2017.01 v2017.01-rc1
v2016 v2016.11 v2016.11
v2016 v2016.11 v2016.11-rc3
v2016 v2016.11 v2016.11-rc2
v2016 v2016.11 v2016.11-rc1
v2016 v2016.09 v2016.09.01
v2016 v2016.09 v2016.09
v2016 v2016.09 v2016.09-rc2
v2016 v2016.09 v2016.09-rc1
v2016 v2016.07 v2016.07
v2016 v2016.07 v2016.07-rc3
v2016 v2016.07 v2016.07-rc2
v2016 v2016.07 v2016.07-rc1
v2016 v2016.05 v2016.05
v2016 v2016.05 v2016.05-rc3
v2016 v2016.05 v2016.05-rc2
v2016 v2016.05 v2016.05-rc1
v2016 v2016.03 v2016.03
v2016 v2016.03 v2016.03-rc3
v2016 v2016.03 v2016.03-rc2
v2016 v2016.03 v2016.03-rc1
v2016 v2016.01 v2016.01
v2016 v2016.01 v2016.01-rc4
v2016 v2016.01 v2016.01-rc3
v2016 v2016.01 v2016.01-rc2
v2016 v2016.01 v2016.01-rc1
v2015 v2015.10 v2015.10
v2015 v2015.10 v2015.10-rc5
v2015 v2015.10 v2015.10-rc4
v2015 v2015.10 v2015.10-rc3
v2015 v2015.10 v2015.10-rc2
v2015 v2015.10 v2015.10-rc1
v2015 v2015.07 v2015.07
v2015 v2015.07 v2015.07-rc3
v2015 v2015.07 v2015.07-rc2
v2015 v2015.07 v2015.07-rc1
v2015 v2015.04 v2015.04
v2015 v2015.04 v2015.04-rc5
v2015 v2015.04 v2015.04-rc4
v2015 v2015.04 v2015.04-rc3
v2015 v2015.04 v2015.04-rc2
v2015 v2015.04 v2015.04-rc1
v2015 v2015.01 v2015.01
v2015 v2015.01 v2015.01-rc4
v2015 v2015.01 v2015.01-rc3
v2015 v2015.01 v2015.01-rc2
v2015 v2015.01 v2015.01-rc1
v2014 v2014.10 v2014.10
v2014 v2014.10 v2014.10-rc3
v2014 v2014.10 v2014.10-rc2
v2014 v2014.10 v2014.10-rc1
v2014 v2014.07 v2014.07
v2014 v2014.07 v2014.07-rc4
v2014 v2014.07 v2014.07-rc3
v2014 v2014.07 v2014.07-rc2
v2014 v2014.07 v2014.07-rc1
v2014 v2014.04 v2014.04
v2014 v2014.04 v2014.04-rc3
v2014 v2014.04 v2014.04-rc2
v2014 v2014.04 v2014.04-rc1
v2014 v2014.01 v2014.01
v2014 v2014.01 v2014.01-rc3
v2014 v2014.01 v2014.01-rc2
v2014 v2014.01 v2014.01-rc1
v2013 v2013.10 v2013.10
v2013 v2013.10 v2013.10-rc4
v2013 v2013.10 v2013.10-rc3
v2013 v2013.10 v2013.10-rc2
v2013 v2013.10 v2013.10-rc1
v2013 v2013.07 v2013.07
v2013 v2013.07 v2013.07-rc3
v2013 v2013.07 v2013.07-rc2
v2013 v2013.07 v2013.07-rc1
v2013 v2013.04 v2013.04
v2013 v2013.04 v2013.04-rc3
v2013 v2013.04 v2013.04-rc2
v2013 v2013.04 v2013.04-rc1
v2013 v2013.01 v2013.01.01
v2013 v2013.01 v2013.01
v2013 v2013.01 v2013.01-rc3
v2013 v2013.01 v2013.01-rc2
v2013 v2013.01 v2013.01-rc1
v2012 v2012.10 v2012.10
v2012 v2012.10 v2012.10-rc3
v2012 v2012.10 v2012.10-rc2
v2012 v2012.10 v2012.10-rc1
v2012 v2012.07 v2012.07
v2012 v2012.07 v2012.07-rc3
v2012 v2012.07 v2012.07-rc2
v2012 v2012.07 v2012.07-rc1
v2012 v2012.04 v2012.04.01
v2012 v2012.04 v2012.04
v2012 v2012.04 v2012.04-rc3
v2012 v2012.04 v2012.04-rc2
v2012 v2012.04 v2012.04-rc1
v2011 v2011.12 v2011.12
v2011 v2011.12 v2011.12-rc3
v2011 v2011.12 v2011.12-rc2
v2011 v2011.12 v2011.12-rc1
v2011 v2011.09 v2011.09
v2011 v2011.09 v2011.09-rc2
v2011 v2011.09 v2011.09-rc1
v2011 v2011.06 v2011.06
v2011 v2011.06 v2011.06-rc3
v2011 v2011.06 v2011.06-rc2
v2011 v2011.06 v2011.06-rc1
v2011 v2011.03 v2011.03
v2011 v2011.03 v2011.03-rc2
v2011 v2011.03 v2011.03-rc1
v2010 v2010.12 v2010.12
v2010 v2010.12 v2010.12-rc3
v2010 v2010.12 v2010.12-rc2
v2010 v2010.12 v2010.12-rc1
v2010 v2010.09 v2010.09
v2010 v2010.09 v2010.09-rc2
v2010 v2010.09 v2010.09-rc1
v2010 v2010.06 v2010.06
v2010 v2010.06 v2010.06-rc3
v2010 v2010.06 v2010.06-rc2
v2010 v2010.06 v2010.06-rc1
v2010 v2010.03 v2010.03
v2010 v2010.03 v2010.03-rc3
v2010 v2010.03 v2010.03-rc2
v2010 v2010.03 v2010.03-rc1
v2009 v2009.11 v2009.11.1
v2009 v2009.11 v2009.11
v2009 v2009.11 v2009.11-rc2
v2009 v2009.11 v2009.11-rc1
v2009 v2009.08 v2009.08
v2009 v2009.08 v2009.08-rc3
v2009 v2009.08 v2009.08-rc2
v2009 v2009.08 v2009.08-rc1
v2009 v2009.06 v2009.06
v2009 v2009.06 v2009.06-rc3
v2009 v2009.06 v2009.06-rc2
v2009 v2009.06 v2009.06-rc1
v2009 v2009.03 v2009.03
v2009 v2009.03 v2009.03-rc2
v2009 v2009.03 v2009.03-rc1
v2009 v2009.01 v2009.01
v2009 v2009.01 v2009.01-rc3
v2009 v2009.01 v2009.01-rc2
v2009 v2009.01 v2009.01-rc1
v2008 v2008.10 v2008.10
v2008 v2008.10 v2008.10-rc3
v2008 v2008.10 v2008.10-rc2
v2008 v2008.10 v2008.10-rc1
old by-version v1.3.4
old by-version v1.3.4-rc2
old by-version v1.3.4-rc1
old by-version v1.3.3
old by-version v1.3.3-rc3
old by-version v1.3.3-rc2
old by-version v1.3.3-rc1
old by-version v1.3.2
old by-version v1.3.2-rc3
old by-version v1.3.2-rc2
old by-version v1.3.2-rc1
old by-version v1.3.1
old by-version v1.3.1-rc1
old by-version v1.3.0
old by-version v1.3.0-rc4
old by-version v1.3.0-rc3
old by-version v1.3.0-rc2
old by-version v1.3.0-rc1
old by-version U_BOOT_0_1_0
old by-version U-Boot-1_2_0
old by-version U-Boot-1_1_6
old by-version U-Boot-1_1_5
old by-version U-Boot-1_1_4
old by-version U-Boot-1_1_3
old by-version U-Boot-1_1_2
old by-version U-Boot-1_1_1
old by-version U-Boot-1_1_0
old by-version U-Boot-1_0_2
old by-version U-Boot-1_0_1
old by-version U-Boot-1_0_0
old by-version U-Boot-0_4_8
old by-version U-Boot-0_4_7
old by-version U-Boot-0_4_6
old by-version U-Boot-0_4_5
old by-version U-Boot-0_4_4
old by-version U-Boot-0_4_3
old by-version U-Boot-0_4_2
old by-version U-Boot-0_4_1
old by-version U-Boot-0_4_0
old by-version U-Boot-0_3_1
old by-version U-Boot-0_3_0
old by-version U-Boot-0_2_0
old by-date LABEL_2006_06_30_2020
old by-date LABEL_2006_05_19_1133
old by-date LABEL_2006_05_10_1800
old by-date LABEL_2006_04_18_1106
old by-date LABEL_2006_03_12_0025
old by-date LABEL_2005_09_15_2320
old by-date LABEL_2005_08_12_0050
old by-date LABEL_2005_07_04_0202
old by-date LABEL_2005_05_13_0050
old by-date LABEL_2005_05_09_1245
old by-date LABEL_2005_05_05_1920
old by-date LABEL_2005_04_14_0115
old by-date LABEL_2005_04_05_2345
old by-date LABEL_2005_04_05_1830
old by-date LABEL_2005_03_15_0125
old by-date LABEL_2005_03_06_0225
old by-date LABEL_2005_02_28_0050
old by-date LABEL_2005_02_08_1615
old by-date LABEL_2005_02_07_2045
old by-date LABEL_2005_01_31_2245
old by-date LABEL_2004_12_20_1220
old by-date LABEL_2004_12_19_2240
old by-date LABEL_2004_12_19_1100
old by-date LABEL_2004_12_18_2335
old by-date LABEL_2004_11_25_0035
old by-date LABEL_2004_11_17_2222
old by-date LABEL_2004_10_20_0020
old by-date LABEL_2004_10_12_0110
old by-date LABEL_2004_09_09_0000
old by-date LABEL_2004_08_29_0045
old by-date LABEL_2004_08_28_2355
old by-date LABEL_2004_07_01_1200
old by-date LABEL_2004_06_24_1800
old by-date LABEL_2004_05_29_1850
old by-date LABEL_2004_05_19_2335
old by-date LABEL_2004_04_23_2240
old by-date LABEL_2004_04_18_2135
old by-date LABEL_2004_03_25_1630
old by-date LABEL_2004_03_16_2330
old by-date LABEL_2004_03_14_2340
old by-date LABEL_2004_03_12_0130
old by-date LABEL_2004_02_24_0305
old by-date LABEL_2004_02_20_2310
old by-date LABEL_2004_02_11_2240
old by-date LABEL_2004_01_29_1030
old by-date LABEL_2004_01_21_2110
old by-date LABEL_2003_12_06_1550
old by-date LABEL_2003_11_26_MKR
old by-date LABEL_2003_10_20_0025
old by-date LABEL_2003_10_16_0200
old by-date LABEL_2003_10_14_2140
old by-date LABEL_2003_10_10_1200
old by-date LABEL_2003_10_09_2320
old by-date LABEL_2003_10_09_1515
old by-date LABEL_2003_10_06_2355
old by-date LABEL_2003_10_01_1830
old by-date LABEL_2003_09_18_2045
old by-date LABEL_2003_09_16_2310
old by-date LABEL_2003_09_13_2100
old by-date LABEL_2003_09_12_1745
old by-date LABEL_2003_09_12_0110
old by-date LABEL_2003_09_06_0055
old by-date LABEL_2003_06_29_0145
old by-date LABEL_2003_06_28_1800-stable
old by-date LABEL_2003_06_28_0130-stable
old by-date LABEL_2003_06_28_0050-stable
old by-date LABEL_2003_06_27_2340
old by-date LABEL_2003_06_26_2220
old by-date LABEL_2003_06_22_1530
old by-date LABEL_2003_06_16_0055
old by-date LABEL_2003_06_05_2140
old by-date LABEL_2003_06_04_0200
old by-date LABEL_2003_05_31_2115
old by-date LABEL_2003_05_30_1450
old by-date LABEL_2003_05_23_1450
old by-date LABEL_2003_05_23_0055
old by-date LABEL_2003_05_22_2230
old by-date LABEL_2003_05_20_2250
old by-date LABEL_2003_05_20_1630
old by-date LABEL_2003_05_12_2355
old by-date LABEL_2003_05_03_1700
old by-date LABEL_2003_04_15_1900
old by-date LABEL_2003_04_05_0300
old by-date LABEL_2003_03_27_1900
old by-date LABEL_2003_03_26_1300
old by-date LABEL_2003_03_25_1830
old by-date LABEL_2003_03_14_2150
old by-date LABEL_2003_03_06_2255
old by-date LABEL_2003_03_06_1440
old by-date LABEL_2003_03_06_0200
old by-date LABEL_2003_03_06_0050
old by-date LABEL_2003_02_28_0150
old by-date LABEL_2003_01_14_0055
old by-date LABEL_2003_01_11_1050
old by-date LABEL_2002_12_28_1700
old by-date LABEL_2002_12_21_0040
old by-date LABEL_2002_12_07_0120
old by-date LABEL_2002_12_03_2230
old by-date LABEL_2002_11_22_0015
old by-date LABEL_2002_11_18_0115
old by-date LABEL_2002_11_11_2211
old by-date LABEL_2002_11_10_2310
old by-date LABEL_2002_11_05_1735
old by-date LABEL_2002_11_05_0120
old by-date DENX-2005-10-29-2350
