v26 v26.07 v26.07
v26 v26.07 v26.07-rc4
v26 v26.07 v26.07-rc3
v26 v26.07 v26.07-rc2
v26 v26.07 v26.07-rc1
v26 v26.03 v26.03
v26 v26.03 v26.03-rc3
v26 v26.03 v26.03-rc2
v26 v26.03 v26.03-rc1
v25 v25.11 v25.11
v25 v25.11 v25.11-rc4
v25 v25.11 v25.11-rc3
v25 v25.11 v25.11-rc2
v25 v25.11 v25.11-rc1
v25 v25.07 v25.07
v25 v25.07 v25.07-rc3
v25 v25.07 v25.07-rc2
v25 v25.07 v25.07-rc1
v25 v25.03 v25.03
v25 v25.03 v25.03-rc3
v25 v25.03 v25.03-rc2
v25 v25.03 v25.03-rc1
v24 v24.11 v24.11
v24 v24.11 v24.11-rc4
v24 v24.11 v24.11-rc3
v24 v24.11 v24.11-rc2
v24 v24.11 v24.11-rc1
v24 v24.07 v24.07
v24 v24.07 v24.07-rc4
v24 v24.07 v24.07-rc3
v24 v24.07 v24.07-rc2
v24 v24.07 v24.07-rc1
v24 v24.03 v24.03
v24 v24.03 v24.03-rc4
v24 v24.03 v24.03-rc3
v24 v24.03 v24.03-rc2
v24 v24.03 v24.03-rc1
v23 v23.11 v23.11
v23 v23.11 v23.11-rc4
v23 v23.11 v23.11-rc3
v23 v23.11 v23.11-rc2
v23 v23.11 v23.11-rc1
v23 v23.07 v23.07
v23 v23.07 v23.07-rc4
v23 v23.07 v23.07-rc3
v23 v23.07 v23.07-rc2
v23 v23.07 v23.07-rc1
v23 v23.03 v23.03
v23 v23.03 v23.03-rc4
v23 v23.03 v23.03-rc3
v23 v23.03 v23.03-rc2
v23 v23.03 v23.03-rc1
v22 v22.11 v22.11
v22 v22.11 v22.11-rc4
v22 v22.11 v22.11-rc3
v22 v22.11 v22.11-rc2
v22 v22.11 v22.11-rc1
v22 v22.07 v22.07
v22 v22.07 v22.07-rc4
v22 v22.07 v22.07-rc3
v22 v22.07 v22.07-rc2
v22 v22.07 v22.07-rc1
v22 v22.03 v22.03
v22 v22.03 v22.03-rc4
v22 v22.03 v22.03-rc3
v22 v22.03 v22.03-rc2
v22 v22.03 v22.03-rc1
v21 v21.11 v21.11
v21 v21.11 v21.11-rc4
v21 v21.11 v21.11-rc3
v21 v21.11 v21.11-rc2
v21 v21.11 v21.11-rc1
v21 v21.08 v21.08
v21 v21.08 v21.08-rc4
v21 v21.08 v21.08-rc3
v21 v21.08 v21.08-rc2
v21 v21.08 v21.08-rc1
v21 v21.05 v21.05
v21 v21.05 v21.05-rc4
v21 v21.05 v21.05-rc3
v21 v21.05 v21.05-rc2
v21 v21.05 v21.05-rc1
v21 v21.02 v21.02
v21 v21.02 v21.02-rc4
v21 v21.02 v21.02-rc3
v21 v21.02 v21.02-rc2
v21 v21.02 v21.02-rc1
v20 v20.11 v20.11
v20 v20.11 v20.11-rc5
v20 v20.11 v20.11-rc4
v20 v20.11 v20.11-rc3
v20 v20.11 v20.11-rc2
v20 v20.11 v20.11-rc1
v20 v20.08 v20.08
v20 v20.08 v20.08-rc4
v20 v20.08 v20.08-rc3
v20 v20.08 v20.08-rc2
v20 v20.08 v20.08-rc1
v20 v20.05 v20.05
v20 v20.05 v20.05-rc4
v20 v20.05 v20.05-rc3
v20 v20.05 v20.05-rc2
v20 v20.05 v20.05-rc1
v20 v20.02 v20.02
v20 v20.02 v20.02-rc4
v20 v20.02 v20.02-rc3
v20 v20.02 v20.02-rc2
v20 v20.02 v20.02-rc1
v19 v19.11 v19.11
v19 v19.11 v19.11-rc4
v19 v19.11 v19.11-rc3
v19 v19.11 v19.11-rc2
v19 v19.11 v19.11-rc1
v19 v19.08 v19.08
v19 v19.08 v19.08-rc4
v19 v19.08 v19.08-rc3
v19 v19.08 v19.08-rc2
v19 v19.08 v19.08-rc1
v19 v19.05 v19.05
v19 v19.05 v19.05-rc4
v19 v19.05 v19.05-rc3
v19 v19.05 v19.05-rc2
v19 v19.05 v19.05-rc1
v19 v19.02 v19.02
v19 v19.02 v19.02-rc4
v19 v19.02 v19.02-rc3
v19 v19.02 v19.02-rc2
v19 v19.02 v19.02-rc1
v18 v18.11 v18.11
v18 v18.11 v18.11-rc5
v18 v18.11 v18.11-rc4
v18 v18.11 v18.11-rc3
v18 v18.11 v18.11-rc2
v18 v18.11 v18.11-rc1
v18 v18.08 v18.08
v18 v18.08 v18.08-rc3
v18 v18.08 v18.08-rc2
v18 v18.08 v18.08-rc1
v18 v18.05 v18.05
v18 v18.05 v18.05-rc6
v18 v18.05 v18.05-rc5
v18 v18.05 v18.05-rc4
v18 v18.05 v18.05-rc3
v18 v18.05 v18.05-rc2
v18 v18.05 v18.05-rc1
v18 v18.02 v18.02
v18 v18.02 v18.02-rc4
v18 v18.02 v18.02-rc3
v18 v18.02 v18.02-rc2
v18 v18.02 v18.02-rc1
v17 v17.11 v17.11
v17 v17.11 v17.11-rc4
v17 v17.11 v17.11-rc3
v17 v17.11 v17.11-rc2
v17 v17.11 v17.11-rc1
v17 v17.08 v17.08
v17 v17.08 v17.08-rc4
v17 v17.08 v17.08-rc3
v17 v17.08 v17.08-rc2
v17 v17.08 v17.08-rc1
v17 v17.05 v17.05
v17 v17.05 v17.05-rc4
v17 v17.05 v17.05-rc3
v17 v17.05 v17.05-rc2
v17 v17.05 v17.05-rc1
v17 v17.02 v17.02
v17 v17.02 v17.02-rc3
v17 v17.02 v17.02-rc2
v17 v17.02 v17.02-rc1
v16 v16.11 v16.11
v16 v16.11 v16.11-rc3
v16 v16.11 v16.11-rc2
v16 v16.11 v16.11-rc1
v16 v16.07 v16.07
v16 v16.07 v16.07-rc5
v16 v16.07 v16.07-rc4
v16 v16.07 v16.07-rc3
v16 v16.07 v16.07-rc2
v16 v16.07 v16.07-rc1
v16 v16.04 v16.04
v16 v16.04 v16.04-rc4
v16 v16.04 v16.04-rc3
v16 v16.04 v16.04-rc2
v16 v16.04 v16.04-rc1
old v2.2 v2.2.0
old v2.2 v2.2.0-rc4
old v2.2 v2.2.0-rc3
old v2.2 v2.2.0-rc2
old v2.2 v2.2.0-rc1
old v2.1 v2.1.0
old v2.1 v2.1.0-rc4
old v2.1 v2.1.0-rc3
old v2.1 v2.1.0-rc2
old v2.1 v2.1.0-rc1
old v2.0 v2.0.0
old v2.0 v2.0.0-rc3
old v2.0 v2.0.0-rc2
old v2.0 v2.0.0-rc1
old v1.8 v1.8.0
old v1.8 v1.8.0-rc6
old v1.8 v1.8.0-rc5
old v1.8 v1.8.0-rc4
old v1.8 v1.8.0-rc3
old v1.8 v1.8.0-rc2
old v1.8 v1.8.0-rc1
old v1.7 v1.7.1
old v1.7 v1.7.0
old v1.7 v1.7.0-rc4
old v1.7 v1.7.0-rc3
old v1.7 v1.7.0-rc2
old v1.7 v1.7.0-rc1
old v1.6 v1.6.0r2
old v1.6 v1.6.0r1
old v1.6 v1.6.0r0
old v1.5 v1.5.2r2
old v1.5 v1.5.2r1
old v1.5 v1.5.2r0
old v1.5 v1.5.1r2
old v1.5 v1.5.1r1
old v1.5 v1.5.1r0
old v1.5 v1.5.0r2
old v1.5 v1.5.0r1
old v1.5 v1.5.0r0
old v1.4 v1.4.1r2
old v1.4 v1.4.1r1
old v1.4 v1.4.1r0
old v1.4 v1.4.0r0
old v1.3 v1.3.1r3
old v1.3 v1.3.1r2
old v1.3 v1.3.1r1
old v1.3 v1.3.1r0
old v1.3 v1.3.0r0
old v1.2 v1.2.3r4
old v1.2 v1.2.3r3
old v1.2 v1.2.3r2
old v1.2 v1.2.3r1
old v1.2 v1.2.3r0
