v1 1.38 1.38.0
v1 1.37 1.37.0
v1 1.36 1.36.1
v1 1.36 1.36.0
v1 1.35 1.35.0
v1 1.34 1.34.1
v1 1.34 1.34.0
v1 1.33 1.33.2
v1 1.33 1.33.1
v1 1.33 1.33.0
v1 1.32 1.32.1
v1 1.32 1.32.0
v1 1.31 1.31.1
v1 1.31 1.31.0
v1 1.30 1.30.1
v1 1.30 1.30.0
v1 1.29 1.29.3
v1 1.29 1.29.2
v1 1.29 1.29.1
v1 1.29 1.29.0
v1 1.28 1.28.4
v1 1.28 1.28.3
v1 1.28 1.28.2
v1 1.28 1.28.1
v1 1.28 1.28.0
v1 1.27 1.27.2
v1 1.27 1.27.1
v1 1.27 1.27.0
v1 1.26 1.26.2
v1 1.26 1.26.1
v1 1.26 1.26.0
v1 1.25 1.25.1
v1 1.25 1.25.0
v1 1.24 1.24.2
v1 1.24 1.24.1
v1 1.24 1.24.0
v1 1.23 1.23.2
v1 1.23 1.23.1
v1 1.23 1.23.0
v1 1.22 1.22.1
v1 1.22 1.22.0
v1 1.21 1.21.1
v1 1.21 1.21.0
v1 1.20 1.20.2
v1 1.20 1.20.1
v1 1.20 1.20.0
v1 1.19 1.19.4
v1 1.19 1.19.3
v1 1.19 1.19.2
v1 1.19 1.19.1
v1 1.19 1.19.0
v1 1.18 1.18.5
v1 1.18 1.18.4
v1 1.18 1.18.3
v1 1.18 1.18.2
v1 1.18 1.18.1
v1 1.18 1.18.0
v1 1.17 1.17.4
v1 1.17 1.17.3
v1 1.17 1.17.2
v1 1.17 1.17.1
v1 1.17 1.17.0
v1 1.16 1.16.2
v1 1.16 1.16.1
v1 1.16 1.16.0
v1 1.15 1.15.3
v1 1.15 1.15.2
v1 1.15 1.15.1
v1 1.15 1.15.0
v1 1.14 1.14.4
v1 1.14 1.14.3
v1 1.14 1.14.2
v1 1.14 1.14.1
v1 1.14 1.14.0
v1 1.13 1.13.4
v1 1.13 1.13.3
v1 1.13 1.13.2
v1 1.13 1.13.1
v1 1.13 1.13.0
v1 1.12 1.12.4
v1 1.12 1.12.3
v1 1.12 1.12.2
v1 1.12 1.12.1
v1 1.12 1.12.0
v1 1.11 1.11.3
v1 1.11 1.11.2
v1 1.11 1.11.1
v1 1.11 1.11.0
v1 1.10 1.10.3
v1 1.10 1.10.0
v1 1.9 1.9.2
v1 1.9 1.9.1
v1 1.9 1.9.0
v1 1.8 1.8.3
v1 1.8 1.8.2
v1 1.8 1.8.1
v1 1.8 1.8.0
v1 1.7 1.7.5
v1 1.7 1.7.4
v1 1.7 1.7.3
v1 1.7 1.7.2
v1 1.7 1.7.1
v1 1.7 1.7.0
v1 1.6 1.6.2
v1 1.6 1.6.1
v1 1.6 1.6.0
v1 1.5 1.5.2
v1 1.5 1.5.1
v1 1.4 1.4.2
v1 1.4 1.4.0
v1 1.3 1.3.2
v1 1.3 1.3.1
v1 1.3 1.3.0
v1 1.2 1.2.1
v1 1.2 1.2.0
v1 1.1 1.1.3
v1 1.1 1.1.2
v1 1.1 1.1.1
v1 1.1 1.1.0
v1 1.01 1.01
v1 1.00 1.00.rc3
v1 1.00 1.00.rc2
v1 1.00 1.00.rc1
v1 1.00 1.00.pre10
v1 1.00 1.00.pre9
v1 1.00 1.00.pre8
v1 1.00 1.00.pre7
v1 1.00 1.00.pre6
v1 1.00 1.00.pre5
v1 1.00 1.00.pre4
v1 1.00 1.00.pre3
v1 1.00 1.00.pre2
v1 1.00 1.00.pre1
v1 1.00 1.00
v0 0.60 0.60.5
v0 0.60 0.60.4
v0 0.60 0.60.3
v0 0.60 0.60.2
v0 0.60 0.60.1
v0 0.60 0.60.0
v0 0.52 0.52
v0 0.51 0.51
v0 0.50 0.50
v0 0.49 0.49
v0 0.48 0.48
v0 0.47 0.47
v0 0.46 0.46
v0 0.45 0.45
v0 0.43 0.43
v0 0.43 0.43pre1
v0 0.42 0.42
v0 0.41 0.41
v0 0.40 0.40
v0 0.39 0.39
v0 0.36 0.36
v0 0.34 0.34
v0 0.33 0.33
v0 0.32 0.32
v0 0.29 0.29alpha2
