v2 v2.44 glibc-2.44.9000
v2 v2.44 glibc-2.44
v2 v2.43 glibc-2.43.9000
v2 v2.43 glibc-2.43
v2 v2.42 glibc-2.42.9000
v2 v2.42 glibc-2.42
v2 v2.41 glibc-2.41.9000
v2 v2.41 glibc-2.41
v2 v2.40 glibc-2.40.9000
v2 v2.40 glibc-2.40
v2 v2.39 glibc-2.39.9000
v2 v2.39 glibc-2.39
v2 v2.38 glibc-2.38.9000
v2 v2.38 glibc-2.38
v2 v2.37 glibc-2.37.9000
v2 v2.37 glibc-2.37
v2 v2.36 glibc-2.36.9000
v2 v2.36 glibc-2.36
v2 v2.35 glibc-2.35.9000
v2 v2.35 glibc-2.35
v2 v2.34 glibc-2.34.9000
v2 v2.34 glibc-2.34
v2 v2.33 glibc-2.33.9000
v2 v2.33 glibc-2.33
v2 v2.32 glibc-2.32.9000
v2 v2.32 glibc-2.32
v2 v2.31 glibc-2.31.9000
v2 v2.31 glibc-2.31
v2 v2.30 glibc-2.30.9000
v2 v2.30 glibc-2.30
v2 v2.29 glibc-2.29.9000
v2 v2.29 glibc-2.29
v2 v2.28 glibc-2.28.9000
v2 v2.28 glibc-2.28
v2 v2.27 glibc-2.27.9000
v2 v2.27 glibc-2.27
v2 v2.26 glibc-2.26.9000
v2 v2.26 glibc-2.26
v2 v2.25 glibc-2.25.90
v2 v2.25 glibc-2.25
v2 v2.24 glibc-2.24.90
v2 v2.24 glibc-2.24
v2 v2.23 glibc-2.23.90
v2 v2.23 glibc-2.23
v2 v2.22 glibc-2.22.90
v2 v2.22 glibc-2.22
v2 v2.21 glibc-2.21.90
v2 v2.21 glibc-2.21
v2 v2.20 glibc-2.20.90
v2 v2.20 glibc-2.20
v2 v2.19 glibc-2.19.90
v2 v2.19 glibc-2.19
v2 v2.18 glibc-2.18.90
v2 v2.18 glibc-2.18
v2 v2.17 glibc-2.17.90
v2 v2.17 glibc-2.17
v2 v2.16 glibc-2.16.90
v2 v2.16 glibc-2.16.0
v2 v2.16 glibc-2.16
v2 v2.16 glibc-2.16-tps
v2 v2.16 glibc-2.16-ports-merge
v2 v2.16 glibc-2.16-ports-before-merge
v2 v2.15 glibc-2.15
v2 v2.14 glibc-2.14.9000
v2 v2.14 glibc-2.14.1
v2 v2.14 glibc-2.14
v2 v2.13 glibc-2.13
v2 v2.12 glibc-2.12.2
v2 v2.12 glibc-2.12.1
v2 v2.12 glibc-2.12
v2 v2.11 glibc-2.11.3
v2 v2.11 glibc-2.11.2
v2 v2.11 glibc-2.11.1
v2 v2.11 glibc-2.11
v2 v2.10 glibc-2.10.2
v2 v2.10 glibc-2.10.1
v2 v2.10 glibc-2.10
v2 v2.9 glibc-2.9
v2 v2.8 glibc-2.8
v2 v2.7 glibc-2.7
v2 v2.6 glibc-2.6.9000
v2 v2.6 glibc-2.6.1
v2 v2.6 glibc-2.6
v2 v2.5 glibc-2.5.1
v2 v2.5 glibc-2.5
v2 v2.4 glibc-2.4
v2 v2.3 glibc-2.3.6
v2 v2.3 glibc-2.3.5
v2 v2.3 glibc-2.3.4
v2 v2.3 glibc-2.3.3
v2 v2.3 glibc-2.3.2
v2 v2.3 glibc-2.3.1
v2 v2.3 glibc-2.3
v2 v2.2 glibc-2.2.5
v2 v2.2 glibc-2.2.4
v2 v2.2 glibc-2.2.3
v2 v2.2 glibc-2.2.2
v2 v2.2 glibc-2.2.1
v2 v2.2 glibc-2.2
v2 v2.1 glibc-2.1.9000
v2 v2.1 glibc-2.1.97
v2 v2.1 glibc-2.1.96
v2 v2.1 glibc-2.1.95
v2 v2.1 glibc-2.1.94
v2 v2.1 glibc-2.1.93
v2 v2.1 glibc-2.1.92
v2 v2.1 glibc-2.1.91
v2 v2.1 glibc-2.1.2
v2 v2.1 glibc-2.1.1
v2 v2.1 glibc-2.1
v2 v2.0 glibc-2.0.112
v2 v2.0 glibc-2.0.106
v2 v2.0 glibc-2.0.103
v2 v2.0 glibc-2.0.101
v2 v2.0 glibc-2.0.100
v2 v2.0 glibc-2.0.99
v2 v2.0 glibc-2.0.98
v2 v2.0 glibc-2.0.97
v2 v2.0 glibc-2.0.96
v2 v2.0 glibc-2.0.95
v2 v2.0 glibc-2.0.92
v2 v2.0 glibc-2.0.6
v2 v2.0 glibc-2.0.5
v2 v2.0 glibc-2.0.5b
v2 v2.0 glibc-2.0.4
v2 v2.0 glibc-2.0.2
v1 v1.93 glibc-1.93
v1 v1.92 glibc-1.92
v1 v1.91 glibc-1.91
v1 v1.90 glibc-1.90
v1 v1.09 glibc-1.09
fedora v2.12 fedora/glibc-2.12.90-6
fedora v2.12 fedora/glibc-2.12.90-5
fedora v2.12 fedora/glibc-2.12.90-4
fedora v2.12 fedora/glibc-2.12.90-3
fedora v2.12 fedora/glibc-2.12.90-2
fedora v2.12 fedora/glibc-2.12.90-1
fedora v2.12 fedora/glibc-2.12-3
fedora v2.12 fedora/glibc-2.12-2
fedora v2.12 fedora/glibc-2.12-1
fedora v2.11 fedora/glibc-2.11.90-20
fedora v2.11 fedora/glibc-2.11.90-19
fedora v2.11 fedora/glibc-2.11.90-18
fedora v2.11 fedora/glibc-2.11.90-17
fedora v2.11 fedora/glibc-2.11.90-16
fedora v2.11 fedora/glibc-2.11.90-15
fedora v2.11 fedora/glibc-2.11.90-14
fedora v2.11 fedora/glibc-2.11.90-13
fedora v2.11 fedora/glibc-2.11.90-12
fedora v2.11 fedora/glibc-2.11.90-11
fedora v2.11 fedora/glibc-2.11.90-10
fedora v2.11 fedora/glibc-2.11.90-9
fedora v2.11 fedora/glibc-2.11.90-8
fedora v2.11 fedora/glibc-2.11.90-7
fedora v2.11 fedora/glibc-2.11.90-6
fedora v2.11 fedora/glibc-2.11.90-5
fedora v2.11 fedora/glibc-2.11.90-4
fedora v2.11 fedora/glibc-2.11.90-3
fedora v2.11 fedora/glibc-2.11.90-2
fedora v2.11 fedora/glibc-2.11.90-1
fedora v2.11 fedora/glibc-2.11.2-1
fedora v2.11 fedora/glibc-2.11.1-7
fedora v2.11 fedora/glibc-2.11.1-6
fedora v2.11 fedora/glibc-2.11.1-5
fedora v2.11 fedora/glibc-2.11.1-4
fedora v2.11 fedora/glibc-2.11.1-1
fedora v2.11 fedora/glibc-2.11-4
fedora v2.11 fedora/glibc-2.11-3
fedora v2.11 fedora/glibc-2.11-2
fedora v2.11 fedora/glibc-2.11-1
fedora v2.10 fedora/glibc-2.10.90-27
fedora v2.10 fedora/glibc-2.10.90-26
fedora v2.10 fedora/glibc-2.10.90-25
fedora v2.10 fedora/glibc-2.10.90-24
fedora v2.10 fedora/glibc-2.10.90-23
fedora v2.10 fedora/glibc-2.10.90-22
fedora v2.10 fedora/glibc-2.10.90-21
fedora v2.10 fedora/glibc-2.10.90-20
fedora v2.10 fedora/glibc-2.10.90-19
fedora v2.10 fedora/glibc-2.10.90-18
fedora v2.10 fedora/glibc-2.10.90-17
fedora v2.10 fedora/glibc-2.10.90-16
fedora v2.10 fedora/glibc-2.10.90-15
fedora v2.10 fedora/glibc-2.10.90-14
fedora v2.10 fedora/glibc-2.10.90-13
fedora v2.10 fedora/glibc-2.10.90-12
fedora v2.10 fedora/glibc-2.10.90-11
fedora v2.10 fedora/glibc-2.10.90-10
fedora v2.10 fedora/glibc-2.10.90-9
fedora v2.10 fedora/glibc-2.10.90-7
fedora v2.10 fedora/glibc-2.10.90-6
fedora v2.10 fedora/glibc-2.10.90-5
fedora v2.10 fedora/glibc-2.10.90-4
fedora v2.10 fedora/glibc-2.10.90-3
fedora v2.10 fedora/glibc-2.10.90-2
fedora v2.10 fedora/glibc-2.10.90-1
fedora v2.10 fedora/glibc-2.10.2-1
fedora v2.10 fedora/glibc-2.10.1-5
fedora v2.10 fedora/glibc-2.10.1-4
fedora v2.10 fedora/glibc-2.10.1-3
