mesa-26.2.2
mesa-26.2.1
mesa-26.2.0
mesa-26.1.8
mesa-26.1.7
mesa-26.1.6
mesa-26.1.5
mesa-26.1.4
mesa-26.1.3
mesa-26.1.2
mesa-26.1.1
mesa-26.1.0
mesa-26.0.8
mesa-26.0.7
mesa-26.0.6
mesa-26.0.5
mesa-26.0.4
mesa-26.0.3
mesa-26.0.2
mesa-26.0.1
mesa-26.0.0
mesa-25.3.6
mesa-25.3.5
mesa-25.3.4
mesa-25.3.3
mesa-25.3.2
mesa-25.3.1
mesa-25.3.0
mesa-25.2.8
mesa-25.2.7
mesa-25.2.6
mesa-25.2.5
mesa-25.2.4
mesa-25.2.3
mesa-25.2.2
mesa-25.2.1
mesa-25.2.0
mesa-25.1.9
mesa-25.1.8
mesa-25.1.7
mesa-25.1.6
mesa-25.1.5
mesa-25.1.4
mesa-25.1.3
mesa-25.1.2
mesa-25.1.1
mesa-25.1.0
mesa-25.0.7
mesa-25.0.6
mesa-25.0.5
mesa-25.0.4
mesa-25.0.3
mesa-25.0.2
mesa-25.0.1
mesa-25.0.0
mesa-24.3.4
mesa-24.3.3
mesa-24.3.2
mesa-24.3.1
mesa-24.3.0
mesa-24.2.8
mesa-24.2.7
mesa-24.2.6
mesa-24.2.5
mesa-24.2.4
mesa-24.2.3
mesa-24.2.2
mesa-24.2.1
mesa-24.2.0
mesa-24.1.7
mesa-24.1.6
mesa-24.1.5
mesa-24.1.4
mesa-24.1.3
mesa-24.1.2
mesa-24.1.1
mesa-24.1.0
mesa-24.0.9
mesa-24.0.8
mesa-24.0.7
mesa-24.0.6
mesa-24.0.5
mesa-24.0.4
mesa-24.0.3
mesa-24.0.2
mesa-24.0.1
mesa-24.0.0
mesa-23.3.6
mesa-23.3.5
mesa-23.3.4
mesa-23.3.3
mesa-23.3.2
mesa-23.3.1
mesa-23.3.0
mesa-23.2.1
mesa-23.1.9
mesa-23.1.8
mesa-23.1.7
mesa-23.1.6
mesa-23.1.5
mesa-23.1.4
mesa-23.1.3
mesa-23.1.2
mesa-23.1.1
mesa-23.1.0
mesa-23.0.4
mesa-23.0.3
mesa-23.0.2
mesa-23.0.1
mesa-23.0.0
mesa-22.3.7
mesa-22.3.6
mesa-22.3.5
mesa-22.3.4
mesa-22.3.3
mesa-22.3.2
mesa-22.3.1
mesa-22.3.0
mesa-22.2.5
mesa-22.2.4
mesa-22.2.3
mesa-22.2.2
mesa-22.2.1
mesa-22.2.0
mesa-22.1.7
mesa-22.1.6
mesa-22.1.5
mesa-22.1.4
mesa-22.1.3
mesa-22.1.2
mesa-22.1.1
mesa-22.1.0
mesa-22.0.5
mesa-22.0.4
mesa-22.0.3
mesa-22.0.2
mesa-22.0.1
mesa-22.0.0
mesa-21.3.9
mesa-21.3.8
mesa-21.3.7
mesa-21.3.6
mesa-21.3.5
mesa-21.3.4
mesa-21.3.3
mesa-21.3.2
mesa-21.3.1
mesa-21.3.0
mesa-21.2.6
mesa-21.2.5
mesa-21.2.4
mesa-21.2.3
mesa-21.2.2
mesa-21.2.1
mesa-21.2.0
mesa-21.1.8
mesa-21.1.7
mesa-21.1.6
mesa-21.1.5
mesa-21.1.4
mesa-21.1.3
mesa-21.1.2
mesa-21.1.1
mesa-21.1.0
mesa-21.0.3
mesa-21.0.2
mesa-21.0.1
mesa-21.0.0
mesa-20.3.5
mesa-20.3.4
mesa-20.3.3
mesa-20.3.2
mesa-20.3.1
mesa-20.3.0
mesa-20.2.6
mesa-20.2.5
mesa-20.2.4
mesa-20.2.3
mesa-20.2.2
mesa-20.2.1
mesa-20.2.0
mesa-20.1.10
mesa-20.1.9
mesa-20.1.8
mesa-20.1.7
mesa-20.1.6
mesa-20.1.5
mesa-20.1.4
mesa-20.1.3
mesa-20.1.2
mesa-20.1.1
mesa-20.1.0
mesa-20.0.8
mesa-20.0.7
mesa-20.0.6
mesa-20.0.5
mesa-20.0.4
mesa-20.0.3
mesa-20.0.2
mesa-20.0.1
mesa-20.0.0
mesa-19.3.5
mesa-19.3.4
mesa-19.3.3
mesa-19.3.2
mesa-19.3.1
mesa-19.3.0
mesa-19.2.8
mesa-19.2.7
mesa-19.2.6
mesa-19.2.5
mesa-19.2.4
mesa-19.2.3
mesa-19.2.2
mesa-19.2.1
mesa-19.2.0
mesa-19.1.8
mesa-19.1.7
mesa-19.1.6
mesa-19.1.5
mesa-19.1.4
mesa-19.1.3
mesa-19.1.2
mesa-19.1.1
mesa-19.1.0
mesa-19.0.8
mesa-19.0.7
mesa-19.0.6
mesa-19.0.5
mesa-19.0.4
mesa-19.0.3
mesa-19.0.2
mesa-19.0.1
mesa-19.0.0
mesa-18.3.6
mesa-18.3.5
mesa-18.3.4
mesa-18.3.3
mesa-18.3.2
mesa-18.3.1
mesa-18.3.0
mesa-18.2.8
mesa-18.2.7
mesa-18.2.6
mesa-18.2.5
mesa-18.2.4
mesa-18.2.3
mesa-18.2.2
mesa-18.2.1
mesa-18.2.0
mesa-18.1.9
mesa-18.1.8
mesa-18.1.7
mesa-18.1.6
mesa-18.1.5
mesa-18.1.4
mesa-18.1.3
mesa-18.1.2
mesa-18.1.1
mesa-18.1.0
mesa-18.0.5
mesa-18.0.4
mesa-18.0.3
mesa-18.0.2
mesa-18.0.1
mesa-18.0.0
mesa-17.3.9
mesa-17.3.8
mesa-17.3.7
mesa-17.3.6
mesa-17.3.5
mesa-17.3.4
mesa-17.3.3
mesa-17.3.2
mesa-17.3.1
mesa-17.3.0
mesa-17.2.8
mesa-17.2.7
mesa-17.2.6
mesa-17.2.5
mesa-17.2.4
mesa-17.2.3
mesa-17.2.2
mesa-17.2.1
mesa-17.2.0
mesa-17.1.10
mesa-17.1.9
mesa-17.1.8
mesa-17.1.7
mesa-17.1.6
mesa-17.1.5
mesa-17.1.4
mesa-17.1.3
mesa-17.1.2
mesa-17.1.1
mesa-17.1.0
mesa-17.0.7
mesa-17.0.6
mesa-17.0.5
mesa-17.0.4
mesa-17.0.3
mesa-17.0.2
mesa-17.0.1
mesa-17.0.0
mesa-13.0.6
mesa-13.0.5
mesa-13.0.4
mesa-13.0.3
mesa-13.0.2
mesa-13.0.1
mesa-13.0.0
mesa-12.0.6
mesa-12.0.5
mesa-12.0.4
mesa-12.0.3
mesa-12.0.2
mesa-12.0.1
mesa-12.0.0
mesa-11.2.2
mesa-11.2.1
mesa-11.2.0
mesa-11.1.4
mesa-11.1.3
mesa-11.1.2
mesa-11.1.1
mesa-11.1.0
mesa-11.0.9
mesa-11.0.8
mesa-11.0.7
mesa-11.0.6
mesa-11.0.5
mesa-11.0.4
mesa-11.0.3
mesa-11.0.2
mesa-11.0.1
mesa-11.0.0
mesa-10.6.9
mesa-10.6.8
mesa-10.6.7
mesa-10.6.6
mesa-10.6.5
mesa-10.6.4
mesa-10.6.3
mesa-10.6.2
mesa-10.6.1
mesa-10.6.0
mesa-10.5.9
mesa-10.5.8
mesa-10.5.7
mesa-10.5.6
mesa-10.5.5
mesa-10.5.4
mesa-10.5.3
mesa-10.5.2
mesa-10.5.1
mesa-10.5.0
mesa-10.4.7
mesa-10.4.6
mesa-10.4.5
mesa-10.4.4
mesa-10.4.3
mesa-10.4.2
mesa-10.4.1
mesa-10.4.0
mesa-10.3.7
mesa-10.3.6
mesa-10.3.5
mesa-10.3.4
mesa-10.3.3
mesa-10.3.2
mesa-10.3.1
mesa-10.3
mesa-10.2.9
mesa-10.2.8
mesa-10.2.7
mesa-10.2.6
mesa-10.2.5
mesa-10.2.4
mesa-10.2.3
mesa-10.2.2
mesa-10.2.1
mesa-10.2
mesa-10.1.6
mesa-10.1.5
mesa-10.1.4
mesa-10.1.3
mesa-10.1.2
mesa-10.1.1
mesa-10.1-devel
mesa-10.1
mesa-10.0.5
mesa-10.0.4
mesa-10.0.3
mesa-10.0.2
mesa-10.0.1
mesa-10.0
mesa-9.2.5
mesa-9.2.4
mesa-9.2.3
mesa-9.2.2
mesa-9.2.1
mesa-9.2
mesa-9.1.7
mesa-9.1.6
mesa-9.1.5
mesa-9.1.4
mesa-9.1.3
mesa-9.1.2
mesa-9.1.1
mesa-9.1
mesa-9.0.3
mesa-9.0.2
mesa-9.0.1
mesa-9.0
mesa-8.0.5
mesa-8.0.4
mesa-8.0.3
mesa-8.0.2
mesa-8.0.1
mesa-8.0
mesa-7.11.2
mesa-7.11.1
mesa-7.11
mesa-7.10.3
mesa-7.10.2
mesa-7.10.1
mesa-7.10
mesa-7.9.2
mesa-7.9.1
mesa-7.9
mesa-7.8.2-2
mesa-7.8.2-1
mesa-7.8.2
mesa-7.8.1-2
mesa-7.8.1-1
mesa-7.8.1
mesa-7.8
mesa-7.7.1-2
mesa-7.7.1-1
mesa-7.7-4
mesa-7.7-3
mesa-7.7-2
mesa-7.7-1
mesa-7.6.1-1
mesa-7.6-1
mesa-7.5.1-1
mesa-7.5-3
mesa-7.5-2
mesa-7.5-1
mesa-7.4.4-1
mesa-7.4.1-1
mesa-7.4-2
mesa-7.4-1
mesa-7.3-1
mesa-7.2-1
mesa-7.1-1
mesa-7.0.3-7
mesa-7.0.3-6
mesa-7.0.3-5
mesa-7.0.3-4
mesa-7.0.3-3
mesa-7.0.3-1
mesa-7.0.2-4
mesa-7.0.2-3
mesa-7.0.2-1
mesa-7.0.1-2
mesa-7.0.1-1
mesa-6.5.3-1
mesa-6.5.2-7
mesa-6.5.2-6
mesa-6.5.2-5
mesa-6.5.2-4
mesa-6.5.2-3
mesa-6.5.2-2
mesa-6.5.1-0.6
mesa-6.5.1-0.5
mesa-6.5.1-0.4
mesa-6.5.1-0.3
mesa-6.5.1-0.2
mesa-6.5.1-0.1
mesa-6.4.1
