v26 v26.2 mesa-26.2.2
v26 v26.2 mesa-26.2.1
v26 v26.2 mesa-26.2.0
v26 v26.2 mesa-26.2.0-rc3
v26 v26.2 mesa-26.2.0-rc2
v26 v26.2 mesa-26.2.0-rc1
v26 v26.1 mesa-26.1.8
v26 v26.1 mesa-26.1.7
v26 v26.1 mesa-26.1.6
v26 v26.1 mesa-26.1.5
v26 v26.1 mesa-26.1.4
v26 v26.1 mesa-26.1.3
v26 v26.1 mesa-26.1.2
v26 v26.1 mesa-26.1.1
v26 v26.1 mesa-26.1.0
v26 v26.1 mesa-26.1.0-rc3
v26 v26.1 mesa-26.1.0-rc2
v26 v26.1 mesa-26.1.0-rc1
v26 v26.0 mesa-26.0.8
v26 v26.0 mesa-26.0.7
v26 v26.0 mesa-26.0.6
v26 v26.0 mesa-26.0.5
v26 v26.0 mesa-26.0.4
v26 v26.0 mesa-26.0.3
v26 v26.0 mesa-26.0.2
v26 v26.0 mesa-26.0.1
v26 v26.0 mesa-26.0.0
v26 v26.0 mesa-26.0.0-rc3
v26 v26.0 mesa-26.0.0-rc2
v26 v26.0 mesa-26.0.0-rc1
v25 v25.3 mesa-25.3.6
v25 v25.3 mesa-25.3.5
v25 v25.3 mesa-25.3.4
v25 v25.3 mesa-25.3.3
v25 v25.3 mesa-25.3.2
v25 v25.3 mesa-25.3.1
v25 v25.3 mesa-25.3.0
v25 v25.3 mesa-25.3.0-rc4
v25 v25.3 mesa-25.3.0-rc3
v25 v25.3 mesa-25.3.0-rc2
v25 v25.3 mesa-25.3.0-rc1
v25 v25.2 mesa-25.2.8
v25 v25.2 mesa-25.2.7
v25 v25.2 mesa-25.2.6
v25 v25.2 mesa-25.2.5
v25 v25.2 mesa-25.2.4
v25 v25.2 mesa-25.2.3
v25 v25.2 mesa-25.2.2
v25 v25.2 mesa-25.2.1
v25 v25.2 mesa-25.2.0
v25 v25.2 mesa-25.2.0-rc3
v25 v25.2 mesa-25.2.0-rc2
v25 v25.2 mesa-25.2.0-rc1
v25 v25.1 mesa-25.1.9
v25 v25.1 mesa-25.1.8
v25 v25.1 mesa-25.1.7
v25 v25.1 mesa-25.1.6
v25 v25.1 mesa-25.1.5
v25 v25.1 mesa-25.1.4
v25 v25.1 mesa-25.1.3
v25 v25.1 mesa-25.1.2
v25 v25.1 mesa-25.1.1
v25 v25.1 mesa-25.1.0
v25 v25.1 mesa-25.1.0-rc3
v25 v25.1 mesa-25.1.0-rc2
v25 v25.1 mesa-25.1.0-rc1
v25 v25.0 mesa-25.0.7
v25 v25.0 mesa-25.0.6
v25 v25.0 mesa-25.0.5
v25 v25.0 mesa-25.0.4
v25 v25.0 mesa-25.0.3
v25 v25.0 mesa-25.0.2
v25 v25.0 mesa-25.0.1
v25 v25.0 mesa-25.0.0
v25 v25.0 mesa-25.0.0-rc3
v25 v25.0 mesa-25.0.0-rc2
v25 v25.0 mesa-25.0.0-rc1
v24 v24.3 mesa-24.3.4
v24 v24.3 mesa-24.3.3
v24 v24.3 mesa-24.3.2
v24 v24.3 mesa-24.3.1
v24 v24.3 mesa-24.3.0
v24 v24.3 mesa-24.3.0-rc2
v24 v24.3 mesa-24.3.0-rc1
v24 v24.2 mesa-24.2.8
v24 v24.2 mesa-24.2.7
v24 v24.2 mesa-24.2.6
v24 v24.2 mesa-24.2.5
v24 v24.2 mesa-24.2.4
v24 v24.2 mesa-24.2.3
v24 v24.2 mesa-24.2.2
v24 v24.2 mesa-24.2.1
v24 v24.2 mesa-24.2.0
v24 v24.2 mesa-24.2.0-rc4
v24 v24.2 mesa-24.2.0-rc3
v24 v24.2 mesa-24.2.0-rc2
v24 v24.2 mesa-24.2.0-rc1
v24 v24.1 mesa-24.1.7
v24 v24.1 mesa-24.1.6
v24 v24.1 mesa-24.1.5
v24 v24.1 mesa-24.1.4
v24 v24.1 mesa-24.1.3
v24 v24.1 mesa-24.1.2
v24 v24.1 mesa-24.1.1
v24 v24.1 mesa-24.1.0
v24 v24.1 mesa-24.1.0-rc4
v24 v24.1 mesa-24.1.0-rc3
v24 v24.1 mesa-24.1.0-rc2
v24 v24.1 mesa-24.1.0-rc1
v24 v24.0 mesa-24.0.9
v24 v24.0 mesa-24.0.8
v24 v24.0 mesa-24.0.7
v24 v24.0 mesa-24.0.6
v24 v24.0 mesa-24.0.5
v24 v24.0 mesa-24.0.4
v24 v24.0 mesa-24.0.3
v24 v24.0 mesa-24.0.2
v24 v24.0 mesa-24.0.1
v24 v24.0 mesa-24.0.0
v24 v24.0 mesa-24.0.0-rc3
v24 v24.0 mesa-24.0.0-rc2
v24 v24.0 mesa-24.0.0-rc1
v23 v23.3 mesa-23.3.6
v23 v23.3 mesa-23.3.5
v23 v23.3 mesa-23.3.4
v23 v23.3 mesa-23.3.3
v23 v23.3 mesa-23.3.2
v23 v23.3 mesa-23.3.1
v23 v23.3 mesa-23.3.0
v23 v23.3 mesa-23.3.0-rc5
v23 v23.3 mesa-23.3.0-rc4
v23 v23.3 mesa-23.3.0-rc3
v23 v23.3 mesa-23.3.0-rc2
v23 v23.3 mesa-23.3.0-rc1
v23 v23.2 mesa-23.2.1
v23 v23.2 mesa-23.2.0-rc4
v23 v23.2 mesa-23.2.0-rc3
v23 v23.2 mesa-23.2.0-rc2
v23 v23.2 mesa-23.2.0-rc1
v23 v23.1 mesa-23.1.9
v23 v23.1 mesa-23.1.8
v23 v23.1 mesa-23.1.7
v23 v23.1 mesa-23.1.6
v23 v23.1 mesa-23.1.5
v23 v23.1 mesa-23.1.4
v23 v23.1 mesa-23.1.3
v23 v23.1 mesa-23.1.2
v23 v23.1 mesa-23.1.1
v23 v23.1 mesa-23.1.0
v23 v23.1 mesa-23.1.0-rc4
v23 v23.1 mesa-23.1.0-rc3
v23 v23.1 mesa-23.1.0-rc2
v23 v23.1 mesa-23.1.0-rc1
v23 v23.0 mesa-23.0.4
v23 v23.0 mesa-23.0.3
v23 v23.0 mesa-23.0.2
v23 v23.0 mesa-23.0.1
v23 v23.0 mesa-23.0.0
v23 v23.0 mesa-23.0.0-rc5
v23 v23.0 mesa-23.0.0-rc4
v23 v23.0 mesa-23.0.0-rc3
v23 v23.0 mesa-23.0.0-rc2
v23 v23.0 mesa-23.0.0-rc1
v22 v22.3 mesa-22.3.7
v22 v22.3 mesa-22.3.6
v22 v22.3 mesa-22.3.5
v22 v22.3 mesa-22.3.4
v22 v22.3 mesa-22.3.3
v22 v22.3 mesa-22.3.2
v22 v22.3 mesa-22.3.1
v22 v22.3 mesa-22.3.0
v22 v22.3 mesa-22.3.0-rc4
v22 v22.3 mesa-22.3.0-rc3
v22 v22.3 mesa-22.3.0-rc2
v22 v22.3 mesa-22.3.0-rc1
v22 v22.2 mesa-22.2.5
v22 v22.2 mesa-22.2.4
v22 v22.2 mesa-22.2.3
v22 v22.2 mesa-22.2.2
v22 v22.2 mesa-22.2.1
v22 v22.2 mesa-22.2.0
v22 v22.2 mesa-22.2.0-rc3
v22 v22.2 mesa-22.2.0-rc2
v22 v22.2 mesa-22.2.0-rc1
v22 v22.1 mesa-22.1.7
v22 v22.1 mesa-22.1.6
v22 v22.1 mesa-22.1.5
v22 v22.1 mesa-22.1.4
v22 v22.1 mesa-22.1.3
v22 v22.1 mesa-22.1.2
v22 v22.1 mesa-22.1.1
v22 v22.1 mesa-22.1.0
v22 v22.1 mesa-22.1.0-rc5
v22 v22.1 mesa-22.1.0-rc4
v22 v22.1 mesa-22.1.0-rc3
v22 v22.1 mesa-22.1.0-rc2
v22 v22.1 mesa-22.1.0-rc1
v22 v22.0 mesa-22.0.5
v22 v22.0 mesa-22.0.4
v22 v22.0 mesa-22.0.3
v22 v22.0 mesa-22.0.2
v22 v22.0 mesa-22.0.1
v22 v22.0 mesa-22.0.0
v22 v22.0 mesa-22.0.0-rc3
v22 v22.0 mesa-22.0.0-rc2
v22 v22.0 mesa-22.0.0-rc1
v21 v21.3 mesa-21.3.9
v21 v21.3 mesa-21.3.8
v21 v21.3 mesa-21.3.7
v21 v21.3 mesa-21.3.6
v21 v21.3 mesa-21.3.5
v21 v21.3 mesa-21.3.4
v21 v21.3 mesa-21.3.3
v21 v21.3 mesa-21.3.2
v21 v21.3 mesa-21.3.1
v21 v21.3 mesa-21.3.0
v21 v21.3 mesa-21.3.0-rc5
v21 v21.3 mesa-21.3.0-rc4
v21 v21.3 mesa-21.3.0-rc3
v21 v21.3 mesa-21.3.0-rc2
v21 v21.3 mesa-21.3.0-rc1
v21 v21.2 mesa-21.2.6
v21 v21.2 mesa-21.2.5
v21 v21.2 mesa-21.2.4
v21 v21.2 mesa-21.2.3
v21 v21.2 mesa-21.2.2
v21 v21.2 mesa-21.2.1
v21 v21.2 mesa-21.2.0
v21 v21.2 mesa-21.2.0-rc3
v21 v21.2 mesa-21.2.0-rc2
v21 v21.2 mesa-21.2.0-rc1
v21 v21.1 mesa-21.1.8
v21 v21.1 mesa-21.1.7
v21 v21.1 mesa-21.1.6
v21 v21.1 mesa-21.1.5
v21 v21.1 mesa-21.1.4
v21 v21.1 mesa-21.1.3
v21 v21.1 mesa-21.1.2
v21 v21.1 mesa-21.1.1
v21 v21.1 mesa-21.1.0
v21 v21.1 mesa-21.1.0-rc3
v21 v21.1 mesa-21.1.0-rc2
v21 v21.1 mesa-21.1.0-rc1
v21 v21.0 mesa-21.0.3
v21 v21.0 mesa-21.0.2
v21 v21.0 mesa-21.0.1
v21 v21.0 mesa-21.0.0
v21 v21.0 mesa-21.0.0-rc5
v21 v21.0 mesa-21.0.0-rc4
v21 v21.0 mesa-21.0.0-rc3
v21 v21.0 mesa-21.0.0-rc2
v21 v21.0 mesa-21.0.0-rc1
v20 v20.3 mesa-20.3.5
v20 v20.3 mesa-20.3.4
v20 v20.3 mesa-20.3.3
v20 v20.3 mesa-20.3.2
v20 v20.3 mesa-20.3.1
v20 v20.3 mesa-20.3.0
v20 v20.3 mesa-20.3.0-rc3
v20 v20.3 mesa-20.3.0-rc2
v20 v20.3 mesa-20.3.0-rc1
v20 v20.2 mesa-20.2.6
v20 v20.2 mesa-20.2.5
v20 v20.2 mesa-20.2.4
v20 v20.2 mesa-20.2.3
v20 v20.2 mesa-20.2.2
v20 v20.2 mesa-20.2.1
v20 v20.2 mesa-20.2.0
v20 v20.2 mesa-20.2.0-rc4
v20 v20.2 mesa-20.2.0-rc3
v20 v20.2 mesa-20.2.0-rc2
v20 v20.2 mesa-20.2.0-rc1
v20 v20.1 mesa-20.1.10
v20 v20.1 mesa-20.1.9
v20 v20.1 mesa-20.1.8
v20 v20.1 mesa-20.1.7
v20 v20.1 mesa-20.1.6
v20 v20.1 mesa-20.1.5
v20 v20.1 mesa-20.1.4
v20 v20.1 mesa-20.1.3
v20 v20.1 mesa-20.1.2
v20 v20.1 mesa-20.1.1
v20 v20.1 mesa-20.1.0
v20 v20.1 mesa-20.1.0-rc4
v20 v20.1 mesa-20.1.0-rc3
v20 v20.1 mesa-20.1.0-rc2
v20 v20.1 mesa-20.1.0-rc1
v20 v20.0 mesa-20.0.8
v20 v20.0 mesa-20.0.7
v20 v20.0 mesa-20.0.6
v20 v20.0 mesa-20.0.5
v20 v20.0 mesa-20.0.4
v20 v20.0 mesa-20.0.3
v20 v20.0 mesa-20.0.2
v20 v20.0 mesa-20.0.1
v20 v20.0 mesa-20.0.0
v20 v20.0 mesa-20.0.0-rc3
v20 v20.0 mesa-20.0.0-rc2
v20 v20.0 mesa-20.0.0-rc1
v19 v19.3 mesa-19.3.5
v19 v19.3 mesa-19.3.4
v19 v19.3 mesa-19.3.3
v19 v19.3 mesa-19.3.2
v19 v19.3 mesa-19.3.1
v19 v19.3 mesa-19.3.0
v19 v19.3 mesa-19.3.0-rc6
v19 v19.3 mesa-19.3.0-rc5
v19 v19.3 mesa-19.3.0-rc4
v19 v19.3 mesa-19.3.0-rc3
v19 v19.3 mesa-19.3.0-rc2
v19 v19.3 mesa-19.3.0-rc1
v19 v19.2 mesa-19.2.8
v19 v19.2 mesa-19.2.7
v19 v19.2 mesa-19.2.6
v19 v19.2 mesa-19.2.5
v19 v19.2 mesa-19.2.4
v19 v19.2 mesa-19.2.3
v19 v19.2 mesa-19.2.2
v19 v19.2 mesa-19.2.1
v19 v19.2 mesa-19.2.0
v19 v19.2 mesa-19.2.0-rc4
v19 v19.2 mesa-19.2.0-rc3
v19 v19.2 mesa-19.2.0-rc2
v19 v19.2 mesa-19.2.0-rc1
v19 v19.1 mesa-19.1.8
v19 v19.1 mesa-19.1.7
v19 v19.1 mesa-19.1.6
v19 v19.1 mesa-19.1.5
v19 v19.1 mesa-19.1.4
v19 v19.1 mesa-19.1.3
v19 v19.1 mesa-19.1.2
v19 v19.1 mesa-19.1.1
v19 v19.1 mesa-19.1.0
v19 v19.1 mesa-19.1.0-rc5
v19 v19.1 mesa-19.1.0-rc4
v19 v19.1 mesa-19.1.0-rc3
v19 v19.1 mesa-19.1.0-rc2
v19 v19.1 mesa-19.1.0-rc1
v19 v19.0 mesa-19.0.8
v19 v19.0 mesa-19.0.7
v19 v19.0 mesa-19.0.6
v19 v19.0 mesa-19.0.5
v19 v19.0 mesa-19.0.4
v19 v19.0 mesa-19.0.3
v19 v19.0 mesa-19.0.2
v19 v19.0 mesa-19.0.1
v19 v19.0 mesa-19.0.0
v19 v19.0 mesa-19.0.0-rc7
v19 v19.0 mesa-19.0.0-rc6
v19 v19.0 mesa-19.0.0-rc5
v19 v19.0 mesa-19.0.0-rc4
v19 v19.0 mesa-19.0.0-rc3
v19 v19.0 mesa-19.0.0-rc2
v19 v19.0 mesa-19.0.0-rc1
v19 v19.0 mesa-19.0-rc1
v18 v18.3 mesa-18.3.6
v18 v18.3 mesa-18.3.5
v18 v18.3 mesa-18.3.4
v18 v18.3 mesa-18.3.3
v18 v18.3 mesa-18.3.2
v18 v18.3 mesa-18.3.1
v18 v18.3 mesa-18.3.0
v18 v18.3 mesa-18.3.0-rc6
v18 v18.3 mesa-18.3.0-rc5
v18 v18.3 mesa-18.3.0-rc4
v18 v18.3 mesa-18.3.0-rc3
v18 v18.3 mesa-18.3.0-rc2
v18 v18.3 mesa-18.3.0-rc1
v18 v18.2 mesa-18.2.8
v18 v18.2 mesa-18.2.7
v18 v18.2 mesa-18.2.6
v18 v18.2 mesa-18.2.5
v18 v18.2 mesa-18.2.4
v18 v18.2 mesa-18.2.3
v18 v18.2 mesa-18.2.2
v18 v18.2 mesa-18.2.1
v18 v18.2 mesa-18.2.0
v18 v18.2 mesa-18.2.0-rc6
v18 v18.2 mesa-18.2.0-rc5
v18 v18.2 mesa-18.2.0-rc4
v18 v18.2 mesa-18.2.0-rc3
v18 v18.2 mesa-18.2.0-rc2
v18 v18.2 mesa-18.2.0-rc1
v18 v18.1 mesa-18.1.9
v18 v18.1 mesa-18.1.8
v18 v18.1 mesa-18.1.7
v18 v18.1 mesa-18.1.6
v18 v18.1 mesa-18.1.5
v18 v18.1 mesa-18.1.4
v18 v18.1 mesa-18.1.3
v18 v18.1 mesa-18.1.2
v18 v18.1 mesa-18.1.1
v18 v18.1 mesa-18.1.0
v18 v18.1 mesa-18.1.0-rc4
v18 v18.1 mesa-18.1.0-rc3
v18 v18.1 mesa-18.1.0-rc2
v18 v18.1 mesa-18.1.0-rc1
v18 v18.0 mesa-18.0.5
v18 v18.0 mesa-18.0.4
v18 v18.0 mesa-18.0.3
v18 v18.0 mesa-18.0.2
v18 v18.0 mesa-18.0.1
v18 v18.0 mesa-18.0.0
v18 v18.0 mesa-18.0.0-rc5
v18 v18.0 mesa-18.0.0-rc4
v18 v18.0 mesa-18.0.0-rc3
v18 v18.0 mesa-18.0.0-rc2
v18 v18.0 mesa-18.0.0-rc1
v18 v18.0 mesa-18.0-0-rc1
v17 v17.3 mesa-17.3.9
v17 v17.3 mesa-17.3.8
v17 v17.3 mesa-17.3.7
v17 v17.3 mesa-17.3.6
v17 v17.3 mesa-17.3.5
v17 v17.3 mesa-17.3.4
v17 v17.3 mesa-17.3.3
v17 v17.3 mesa-17.3.2
v17 v17.3 mesa-17.3.1
v17 v17.3 mesa-17.3.0
v17 v17.3 mesa-17.3.0-rc6
v17 v17.3 mesa-17.3.0-rc5
v17 v17.3 mesa-17.3.0-rc4
v17 v17.3 mesa-17.3.0-rc3
v17 v17.3 mesa-17.3.0-rc2
v17 v17.3 mesa-17.3.0-rc1
v17 v17.2 mesa-17.2.8
v17 v17.2 mesa-17.2.7
v17 v17.2 mesa-17.2.6
v17 v17.2 mesa-17.2.5
v17 v17.2 mesa-17.2.4
v17 v17.2 mesa-17.2.3
v17 v17.2 mesa-17.2.2
v17 v17.2 mesa-17.2.1
v17 v17.2 mesa-17.2.0
v17 v17.2 mesa-17.2.0-rc6
v17 v17.2 mesa-17.2.0-rc5
v17 v17.2 mesa-17.2.0-rc4
v17 v17.2 mesa-17.2.0-rc3
v17 v17.2 mesa-17.2.0-rc2
v17 v17.2 mesa-17.2.0-rc1
v17 v17.1 mesa-17.1.10
v17 v17.1 mesa-17.1.9
v17 v17.1 mesa-17.1.8
v17 v17.1 mesa-17.1.7
v17 v17.1 mesa-17.1.6
v17 v17.1 mesa-17.1.5
v17 v17.1 mesa-17.1.4
v17 v17.1 mesa-17.1.3
v17 v17.1 mesa-17.1.2
v17 v17.1 mesa-17.1.1
v17 v17.1 mesa-17.1.0
v17 v17.1 mesa-17.1.0-rc4
v17 v17.1 mesa-17.1.0-rc3
v17 v17.1 mesa-17.1.0-rc2
v17 v17.1 mesa-17.1.0-rc1
v17 v17.0 mesa-17.0.7
v17 v17.0 mesa-17.0.6
v17 v17.0 mesa-17.0.5
v17 v17.0 mesa-17.0.4
v17 v17.0 mesa-17.0.3
v17 v17.0 mesa-17.0.2
v17 v17.0 mesa-17.0.1
v17 v17.0 mesa-17.0.0
v17 v17.0 mesa-17.0.0-rc3
v17 v17.0 mesa-17.0.0-rc2
v17 v17.0 mesa-17.0.0-rc1
v13 v13.0 mesa-13.0.6
v13 v13.0 mesa-13.0.5
v13 v13.0 mesa-13.0.4
v13 v13.0 mesa-13.0.3
v13 v13.0 mesa-13.0.2
v13 v13.0 mesa-13.0.1
v13 v13.0 mesa-13.0.0
v13 v13.0 mesa-13.0.0-rc3
v13 v13.0 mesa-13.0.0-rc2
v13 v13.0 mesa-13.0.0-rc1
v12 v12.0 mesa-12.0.6
v12 v12.0 mesa-12.0.5
v12 v12.0 mesa-12.0.4
v12 v12.0 mesa-12.0.3
v12 v12.0 mesa-12.0.2
v12 v12.0 mesa-12.0.1
v12 v12.0 mesa-12.0.0
v12 v12.0 mesa-12.0.0-rc4
v12 v12.0 mesa-12.0.0-rc3
v12 v12.0 mesa-12.0.0-rc2
v12 v12.0 mesa-12.0.0-rc1
v11 v11.2 mesa-11.2.2
v11 v11.2 mesa-11.2.1
v11 v11.2 mesa-11.2.0
v11 v11.2 mesa-11.2.0-rc4
v11 v11.2 mesa-11.2.0-rc3
v11 v11.2 mesa-11.2.0-rc2
v11 v11.2 mesa-11.2.0-rc1
v11 v11.1 mesa-11.1.4
v11 v11.1 mesa-11.1.3
v11 v11.1 mesa-11.1.2
v11 v11.1 mesa-11.1.1
v11 v11.1 mesa-11.1.0
v11 v11.1 mesa-11.1.0-rc3
v11 v11.1 mesa-11.1.0-rc2
v11 v11.1 mesa-11.1.0-rc1
v11 v11.0 mesa-11.0.9
v11 v11.0 mesa-11.0.8
v11 v11.0 mesa-11.0.7
v11 v11.0 mesa-11.0.6
v11 v11.0 mesa-11.0.5
v11 v11.0 mesa-11.0.4
v11 v11.0 mesa-11.0.3
v11 v11.0 mesa-11.0.2
v11 v11.0 mesa-11.0.1
v11 v11.0 mesa-11.0.0
v11 v11.0 mesa-11.0.0-rc3
v11 v11.0 mesa-11.0.0-rc2
v11 v11.0 mesa-11.0.0-rc1
v10 v10.6 mesa-10.6.9
v10 v10.6 mesa-10.6.8
v10 v10.6 mesa-10.6.7
v10 v10.6 mesa-10.6.6
v10 v10.6 mesa-10.6.5
v10 v10.6 mesa-10.6.4
v10 v10.6 mesa-10.6.3
v10 v10.6 mesa-10.6.2
v10 v10.6 mesa-10.6.1
v10 v10.6 mesa-10.6.0
v10 v10.6 mesa-10.6.0-rc3
v10 v10.6 mesa-10.6.0-rc2
v10 v10.6 mesa-10.6.0-rc1
v10 v10.5 mesa-10.5.9
v10 v10.5 mesa-10.5.8
v10 v10.5 mesa-10.5.7
v10 v10.5 mesa-10.5.6
v10 v10.5 mesa-10.5.5
v10 v10.5 mesa-10.5.4
v10 v10.5 mesa-10.5.3
v10 v10.5 mesa-10.5.2
v10 v10.5 mesa-10.5.1
v10 v10.5 mesa-10.5.0
v10 v10.5 mesa-10.5.0-rc3
v10 v10.5 mesa-10.5.0-rc2
v10 v10.5 mesa-10.5.0-rc1
v10 v10.4 mesa-10.4.7
v10 v10.4 mesa-10.4.6
v10 v10.4 mesa-10.4.5
v10 v10.4 mesa-10.4.4
v10 v10.4 mesa-10.4.3
v10 v10.4 mesa-10.4.2
v10 v10.4 mesa-10.4.1
v10 v10.4 mesa-10.4.0
v10 v10.4 mesa-10.4.0-rc4
v10 v10.4 mesa-10.4.0-rc3
v10 v10.4 mesa-10.4.0-rc2
v10 v10.4 mesa-10.4.0-rc1
v10 v10.3 mesa-10.3.7
v10 v10.3 mesa-10.3.6
v10 v10.3 mesa-10.3.5
v10 v10.3 mesa-10.3.4
v10 v10.3 mesa-10.3.3
v10 v10.3 mesa-10.3.2
v10 v10.3 mesa-10.3.1
v10 v10.3 mesa-10.3
v10 v10.3 mesa-10.3-rc3
v10 v10.3 mesa-10.3-rc2
v10 v10.3 mesa-10.3-rc1
v10 v10.2 mesa-10.2.9
v10 v10.2 mesa-10.2.8
v10 v10.2 mesa-10.2.7
v10 v10.2 mesa-10.2.6
v10 v10.2 mesa-10.2.5
v10 v10.2 mesa-10.2.4
v10 v10.2 mesa-10.2.3
v10 v10.2 mesa-10.2.2
v10 v10.2 mesa-10.2.1
v10 v10.2 mesa-10.2
v10 v10.2 mesa-10.2-rc5
v10 v10.2 mesa-10.2-rc4
v10 v10.2 mesa-10.2-rc3
v10 v10.2 mesa-10.2-rc2
v10 v10.2 mesa-10.2-rc1
v10 v10.1 mesa-10.1.6
v10 v10.1 mesa-10.1.5
v10 v10.1 mesa-10.1.4
v10 v10.1 mesa-10.1.3
v10 v10.1 mesa-10.1.2
v10 v10.1 mesa-10.1.1
v10 v10.1 mesa-10.1
v10 v10.1 mesa-10.1-rc3
v10 v10.1 mesa-10.1-rc2
v10 v10.1 mesa-10.1-rc1
v10 v10.1 mesa-10.1-devel
v10 v10.0 mesa-10.0.5
v10 v10.0 mesa-10.0.4
v10 v10.0 mesa-10.0.3
v10 v10.0 mesa-10.0.2
v10 v10.0 mesa-10.0.1
v10 v10.0 mesa-10.0
v10 v10.0 mesa-10.0-rc2
v10 v10.0 mesa-10.0-rc1
v9 v9.2 mesa-9.2.5
v9 v9.2 mesa-9.2.4
v9 v9.2 mesa-9.2.3
v9 v9.2 mesa-9.2.2
v9 v9.2 mesa-9.2.1
v9 v9.2 mesa-9.2
v9 v9.2 mesa-9.2-rc2
v9 v9.2 mesa-9.2-rc1
v9 v9.1 mesa-9.1.7
v9 v9.1 mesa-9.1.6
v9 v9.1 mesa-9.1.5
v9 v9.1 mesa-9.1.4
v9 v9.1 mesa-9.1.3
v9 v9.1 mesa-9.1.2
v9 v9.1 mesa-9.1.1
v9 v9.1 mesa-9.1
v9 v9.1 mesa-9.1-rc2
v9 v9.1 mesa-9.1-rc1
v9 v9.0 mesa-9.0.3
v9 v9.0 mesa-9.0.2
v9 v9.0 mesa-9.0.1
v9 v9.0 mesa-9.0
v8 v8.0 mesa-8.0.5
v8 v8.0 mesa-8.0.4
v8 v8.0 mesa-8.0.3
v8 v8.0 mesa-8.0.2
v8 v8.0 mesa-8.0.1
v8 v8.0 mesa-8.0
v8 v8.0 mesa-8.0-rc2
v8 v8.0 mesa-8.0-rc1
v7 v7.11 mesa-7.11.2
v7 v7.11 mesa-7.11.1
v7 v7.11 mesa-7.11
v7 v7.11 mesa-7.11-rc4
v7 v7.11 mesa-7.11-rc3
v7 v7.11 mesa-7.11-rc2
v7 v7.11 mesa-7.11-rc1
v7 v7.10 mesa-7.10.3
v7 v7.10 mesa-7.10.2
v7 v7.10 mesa-7.10.1
v7 v7.10 mesa-7.10
v7 v7.9 mesa-7.9.2
v7 v7.9 mesa-7.9.1
v7 v7.9 mesa-7.9
v7 v7.9 mesa-7.9-rc2
v7 v7.9 mesa-7.9-rc1
v7 v7.8 mesa-7.8.2
v7 v7.8 mesa-7.8.2-2
v7 v7.8 mesa-7.8.2-1
v7 v7.8 mesa-7.8.1
v7 v7.8 mesa-7.8.1-2
v7 v7.8 mesa-7.8.1-1
v7 v7.8 mesa-7.8
v7 v7.7 mesa-7.7.1-2
v7 v7.7 mesa-7.7.1-1
v7 v7.7 mesa-7.7-rc2-1
v7 v7.7 mesa-7.7-4
v7 v7.7 mesa-7.7-3
v7 v7.7 mesa-7.7-2
v7 v7.7 mesa-7.7-1
v7 v7.6 mesa-7.6.1-rc3-1
v7 v7.6 mesa-7.6.1-rc2-1
v7 v7.6 mesa-7.6.1-1
v7 v7.6 mesa-7.6-1
v7 v7.5 mesa-7.5.1-1
v7 v7.5 mesa-7.5-rc4-1
v7 v7.5 mesa-7.5-3
v7 v7.5 mesa-7.5-2
v7 v7.5 mesa-7.5-1
v7 v7.4 mesa-7.4.4-1
v7 v7.4 mesa-7.4.1-1
v7 v7.4 mesa-7.4-rc1-1
v7 v7.4 mesa-7.4-2
v7 v7.4 mesa-7.4-1
v7 v7.3 mesa-7.3-rc3-1
v7 v7.3 mesa-7.3-rc1-1
v7 v7.3 mesa-7.3-1
v7 v7.2 mesa-7.2-1
v7 v7.1 mesa-7.1-rc3-1
v7 v7.1 mesa-7.1-1
v7 v7.0 mesa-7.0.3-rc2-2
v7 v7.0 mesa-7.0.3-rc2-1
v7 v7.0 mesa-7.0.3-7
v7 v7.0 mesa-7.0.3-6
v7 v7.0 mesa-7.0.3-5
v7 v7.0 mesa-7.0.3-4
v7 v7.0 mesa-7.0.3-3
v7 v7.0 mesa-7.0.3-1
v7 v7.0 mesa-7.0.2-4
v7 v7.0 mesa-7.0.2-3
v7 v7.0 mesa-7.0.2-1
v7 v7.0 mesa-7.0.1-rc2-1
v7 v7.0 mesa-7.0.1-2
v7 v7.0 mesa-7.0.1-1
v6 v6.5 mesa-6.5.3-rc3-1
v6 v6.5 mesa-6.5.3-1
v6 v6.5 mesa-6.5.2-7
v6 v6.5 mesa-6.5.2-6
v6 v6.5 mesa-6.5.2-5
v6 v6.5 mesa-6.5.2-4
v6 v6.5 mesa-6.5.2-3
v6 v6.5 mesa-6.5.2-2
v6 v6.5 mesa-6.5.1-0.6
v6 v6.5 mesa-6.5.1-0.5
v6 v6.5 mesa-6.5.1-0.4
v6 v6.5 mesa-6.5.1-0.3
v6 v6.5 mesa-6.5.1-0.2
v6 v6.5 mesa-6.5.1-0.1
v6 v6.4 mesa-6.4.1
