v7 v7.2 v7.2.0
v7 v7.1 v7.1.0
v7 v7.0 v7.0.0
v6 v6.19 v6.19.0
v6 v6.18 v6.18.0
v6 v6.17 v6.17.0
v6 v6.16 v6.16.0
v6 v6.15 v6.15.0
v6 v6.14 v6.14.0
v6 v6.13 v6.13.0
v6 v6.12 v6.12.0
v6 v6.11 v6.11.0
v6 v6.10 v6.10.0
v6 v6.9 v6.9.0
v6 v6.8 v6.8.0
v6 v6.7 v6.7.0
v6 v6.6 v6.6.0
v6 v6.5 v6.5.0
v6 v6.4 v6.4.0
v6 v6.3 v6.3.0
v6 v6.2 v6.2.0
v6 v6.1 v6.1.0
v6 v6.0 v6.0.0
v5 v5.19 v5.19.0
v5 v5.18 v5.18.0
v5 v5.17 v5.17.0
v5 v5.16 v5.16.0
v5 v5.15 v5.15.0
v5 v5.14 v5.14.0
v5 v5.13 v5.13.0
v5 v5.12 v5.12.0
v5 v5.11 v5.11.0
v5 v5.10 v5.10.0
v5 v5.9 v5.9.0
v5 v5.8 v5.8.0
v5 v5.7 v5.7.0
v5 v5.6 v5.6.0
v5 v5.5 v5.5.0
v5 v5.4 v5.4.0
v5 v5.3 v5.3.0
v5 v5.2 v5.2.0
v5 v5.1 v5.1.0
v5 v5.0 v5.0.0
v4 v4.20 v4.20.0
v4 v4.19 v4.19.0
v4 v4.18 v4.18.0
v4 v4.17 v4.17.0
v4 v4.16 v4.16.0
v4 v4.15 v4.15.0
v4 v4.14 v4.14.1
v4 v4.14 v4.14.0
v4 v4.13 v4.13.0
v4 v4.12 v4.12.0
v4 v4.11 v4.11.0
v4 v4.10 v4.10.0
v4 v4.9 v4.9.0
v4 v4.8 v4.8.0
v4 v4.7 v4.7.0
v4 v4.6 v4.6.0
v4 v4.5 v4.5.0
v4 v4.4 v4.4.0
v4 v4.3 v4.3.0
v4 v4.2 v4.2.0
v4 v4.1 v4.1.1
v4 v4.1 v4.1.0
v4 v4.0 v4.0.0
v3 v3.19 v3.19.0
v3 v3.18 v3.18.0
v3 v3.17 v3.17.0
v3 v3.16 v3.16.0
v3 v3.15 v3.15.0
v3 v3.14 v3.14.1
v3 v3.14 v3.14.0
v3 v3.12 v3.12.0
v3 v3.11 v3.11.0
v3 v3.10 v3.10.0
v3 v3.9 v3.9.0
v3 v3.8 v3.8.0
v3 v3.7 v3.7.0
v3 v3.6 v3.6.0
v3 v3.5 v3.5.1
v3 v3.5 v3.5.0
v3 v3.4 v3.4.0
v3 v3.3 v3.3.0
v3 v3.2 v3.2.0
v3 v3.1 v3.1.0
v3 v3.0 v3.0.0
v2_6_11-050330
v2_6_11-050318
v2_6_11-050314
v2_6_11-050310
v2_6_10-050209
v2_6_10-050207
v2_6_10-050124
v2_6_9-ss040831
v2_6_9-jamal
v2_6_9-041019
v2_6_8-ss040831
v2_6_8-040823
v2_6_8-040813-jamal
v2_6_8-040730
v2_6_7-ss040608
v2_6_7-040702
v2_6_7-040701
v2 v2.6 v2.6.39
v2 v2.6 v2.6.38
v2 v2.6 v2.6.37
v2 v2.6 v2.6.35.1
v2 v2.6 v2.6.35
v2 v2.6 v2.6.34
v2 v2.6 v2.6.33
v2 v2.6 v2.6.31
v2 v2.6 v2.6.29
v2 v2.6 v2.6.29-1
v2 v2.6 v2.6.28
v2 v2.6 v2.6.27
v2 v2.6 v2.6.26
v2 v2.6 v2.6.25
v2 v2.6 v2.6.24-rc7
v2 v2.6 v2.6.24-rc6
v2 v2.6 v2.6.24-rc4
v2 v2.6 v2.6.23-071016
v2 v2.6 v2.6.19-061214
ss-060323
ss-060314
ss-060110
ss-051107
ss-051101
ss-051007
ss-051006
ss-050929
ss-050901
ss-050816
ss-050808
ss050607
