v2 v2.15 v2.15.0
v2 v2.15 v2.15-rc1
v2 v2.15 v2.15-rc0
v2 v2.14 v2.14.0
v2 v2.14 v2.14
v2 v2.14 v2.14-rc1
v2 v2.14 v2.14-rc0
v2 v2.13 v2.13.0
v2 v2.13 v2.13
v2 v2.13 v2.13-rc1
v2 v2.13 v2.13-rc0
v2 v2.12 v2.12.0
v2 v2.12 v2.12
v2 v2.12 v2.12-rc1
v2 v2.12 v2.12-rc0
v2 v2.11 v2.11.0
v2 v2.11 v2.11
v2 v2.11 v2.11-rc1
v2 v2.11 v2.11-rc0
v2 v2.10 v2.10.0
v2 v2.10 v2.10
v2 v2.10 v2.10-rc1
v2 v2.10 v2.10-rc0
v2 v2.9 v2.9.0
v2 v2.9 v2.9
v2 v2.9 v2.9-rc1
v2 v2.9 v2.9-rc0
v2 v2.8 v2.8.0
v2 v2.8 v2.8
v2 v2.8 v2.8-rc0
v2 v2.7 v2.7.0
v2 v2.7 v2.7
v2 v2.7 v2.7-rc1
v2 v2.7 v2.7-rc0
v2 v2.6 v2.6
v2 v2.6 v2.6-rc1
v2 v2.6 v2.6-rc0
v2 v2.5 v2.5
v2 v2.5 v2.5-rc1
v2 v2.5 v2.5-rc0
v2 v2.4 v2.4
v2 v2.4 v2.4-rc2
v2 v2.4 v2.4-rc1
v2 v2.4 v2.4-rc0
v2 v2.3 v2.3
v2 v2.3 v2.3-rc2
v2 v2.3 v2.3-rc1
v2 v2.3 v2.3-rc0
v2 v2.2 v2.2
v2 v2.2 v2.2-rc2
v2 v2.2 v2.2-rc1
v2 v2.2 v2.2-rc0
v2 v2.1 v2.1
v2 v2.1 v2.1-rc1
v2 v2.1 v2.1-rc0
v2 v2.0 v2.0
v2 v2.0 v2.0-rc0
v1 v1.6 v1.6
v1 v1.6 v1.6-rc1
v1 v1.6 v1.6-rc0
v1 v1.5 v1.5
v1 v1.5 v1.5-rc3
v1 v1.5 v1.5-rc2
v1 v1.5 v1.5-rc1
v1 v1.5 v1.5-rc0
v1 v1.4 v1.4
v1 v1.4 v1.4-rc0
v1 v1.3 v1.3_rc2
v1 v1.3 v1.3_rc1
v1 v1.3 v1.3
v1 v1.3 v1.3-rc0
v1 v1.2 v1.2
v1 v1.2 v1.2-rc0
v1 v1.1 v1.1
v1 v1.1 v1.1-rc3
v1 v1.1 v1.1-rc2
v1 v1.1 v1.1-rc1
v1 v1.1 v1.1-rc0
v1 v1.1 v1.1-Juno-0.1
v1 v1.0 v1.0
v1 v1.0 v1.0-rc0
v0 v0.4 v0.4
v0 v0.4 v0.4-rc2
v0 v0.4 v0.4-rc1
v0 v0.4 v0.4-Juno-0.6-rc1
v0 v0.4 v0.4-Juno-0.6-rc0
v0 v0.4 v0.4-Juno-0.5
v0 v0.4 v0.4-Juno-0.5-rc1
v0 v0.4 v0.4-Juno-0.5-rc0
v0 v0.4 v0.4-Juno-0.4
v0 v0.4 v0.4-Juno-0.4-rc0
v0 v0.3 v0.3
v0 v0.3 v0.3-Juno
v0 v0.3 v0.3-Juno-0.3
v0 v0.3 v0.3-Juno-0.2
v0 v0.2 v0.2
sandbox/v2.14
sandbox/lts-v2.14.6-20260731T1328
sandbox/lts-v2.14.5-20260724T1111
sandbox/lts-v2.14.3-20260609T0854
sandbox/lts-v2.14.1-20260204T1552
sandbox/lts-v2.14.1-20260202T0851
sandbox/lts-v2.14.1-20260131T1551
sandbox/lts-v2.12.14-20260731T1325
sandbox/lts-v2.12.13-20260724T1739
sandbox/lts-v2.12.7-20251003T1600
sandbox/lts-v2.12.2-20250425T1626
sandbox/lts-v2.12.1-20250227T1713
sandbox/lts-v2.10.31-20260710T0745
sandbox/lts-v2.10.3-test1
sandbox/lts-v2.10.3-20240405T0714
sandbox/lts-v2.10.3-20240404T0850
sandbox/lts-v2.10.3-20240319T1236
sandbox/lts-v2.10.3-20240319T0822
sandbox/lts-v2.8.45-20260731T1323
sandbox/lts-v2.8.33-20250602T1029
sandbox/lts-v2.8.33-20250530T2102
sandbox/lts-v2.8.33-20250530T2058
lts-v2.14.6
lts-v2.14.5
lts-v2.14.4
lts-v2.14.3
lts-v2.14.2
lts-v2.14.1
lts-v2.14.0
lts-v2.12.14
lts-v2.12.13
lts-v2.12.12
lts-v2.12.11
lts-v2.12.10
lts-v2.12.9
lts-v2.12.8
lts-v2.12.7
lts-v2.12.6
lts-v2.12.5
lts-v2.12.4
lts-v2.12.3
lts-v2.12.2
lts-v2.12.1
lts-v2.12.0
lts-v2.10.34
lts-v2.10.33
lts-v2.10.32
lts-v2.10.31
lts-v2.10.30
lts-v2.10.29
lts-v2.10.28
lts-v2.10.27
lts-v2.10.26
lts-v2.10.25
lts-v2.10.24
lts-v2.10.23
lts-v2.10.22
lts-v2.10.21
lts-v2.10.20
lts-v2.10.19
lts-v2.10.18
lts-v2.10.17
lts-v2.10.16
lts-v2.10.15
lts-v2.10.14
lts-v2.10.13
lts-v2.10.12
lts-v2.10.11
lts-v2.10.10
lts-v2.10.9
lts-v2.10.8
lts-v2.10.7
lts-v2.10.6
lts-v2.10.5
lts-v2.10.4
lts-v2.10.3
lts-v2.10.2
lts-v2.10.1
lts-v2.8.45
lts-v2.8.44
lts-v2.8.43
lts-v2.8.42
lts-v2.8.41
lts-v2.8.40
lts-v2.8.39
lts-v2.8.38
lts-v2.8.37
lts-v2.8.36
lts-v2.8.35
lts-v2.8.34
lts-v2.8.33
lts-v2.8.32
lts-v2.8.31
lts-v2.8.30
lts-v2.8.29
lts-v2.8.28
lts-v2.8.27
lts-v2.8.26
lts-v2.8.25
lts-v2.8.24
lts-v2.8.23
lts-v2.8.22
lts-v2.8.21
lts-v2.8.20
lts-v2.8.19
lts-v2.8.18
lts-v2.8.17
lts-v2.8.16
lts-v2.8.15
lts-v2.8.14
lts-v2.8.13
lts-v2.8.12
lts-v2.8.11
lts-v2.8.10
lts-v2.8.9
lts-v2.8.8
lts-v2.8.7
lts-v2.8.6
lts-v2.8.5
lts-v2.8.4
lts-v2.8.3
lts-v2.8.2
lts-v2.8.1
lts-v2.8.0
lts-v2.8-rc0
lts-test
arm_cca_v0.3
arm_cca_v0.2
arm_cca_v0.1
custom for-v0.4 for-v0.4/05.22
custom for-v0.4 for-v0.4/05.21
custom for-v0.4 for-v0.4/05.20
custom for-v0.4 for-v0.4-rc0
